2026-09-29T00:24:32.7925590Z Current runner version: '2.337.0'
2026-09-29T00:24:32.7940340Z ##[group]Runner Image Provisioner
2026-09-29T00:24:32.7940870Z Hosted Compute Agent
2026-09-29T00:24:32.7941240Z Version: 20260828.587
2026-09-29T00:24:32.7941670Z Commit: abac92662cab4cc7352de4f9f9d2e2419aad9c29
2026-09-29T00:24:32.7942160Z Build Date: 2026-08-28T16:44:25Z
2026-09-29T00:24:32.7942590Z Worker ID: {34cf6991-0244-46e7-a1d1-c5b6bbe899b9}
2026-09-29T00:24:32.7943030Z Azure Region: westus
2026-09-29T00:24:32.7943390Z ##[endgroup]
2026-09-29T00:24:32.7944300Z ##[group]Operating System
2026-09-29T00:24:32.7944700Z macOS
2026-09-29T00:24:32.7945020Z 14.8.9
2026-09-29T00:24:32.7945370Z 23J631
2026-09-29T00:24:32.7945720Z ##[endgroup]
2026-09-29T00:24:32.7946080Z ##[group]Runner Image
2026-09-29T00:24:32.7946470Z Image: macos-14-arm64
2026-09-29T00:24:32.7946840Z Version: 20260831.0302.1
2026-09-29T00:24:32.7947680Z Included Software: https://github.com/actions/runner-images/blob/macos-14-arm64/20260831.0302/images/macos/macos-14-arm64-Readme.md
2026-09-29T00:24:32.7948730Z Image Release: https://github.com/actions/runner-images/releases/tag/macos-14-arm64%2F20260831.0302
2026-09-29T00:24:32.7949400Z ##[endgroup]
2026-09-29T00:24:32.7950210Z ##[group]GITHUB_TOKEN Permissions
2026-09-29T00:24:32.7951330Z Contents: read
2026-09-29T00:24:32.7951710Z Metadata: read
2026-09-29T00:24:32.7952090Z Packages: read
2026-09-29T00:24:32.7952440Z ##[endgroup]
2026-09-29T00:24:32.7954000Z Secret source: Actions
2026-09-29T00:24:32.7954670Z Cache mode: write
2026-09-29T00:24:32.7955190Z Prepare workflow directory
2026-09-29T00:24:32.8203680Z Prepare all required actions
2026-09-29T00:24:32.8244930Z Getting action download info
2026-09-29T00:24:32.9882700Z Download action repository 'actions/checkout@v4' (SHA:11d5960a326750d5838078e36cf38b85af677262)
2026-09-29T00:24:33.2176120Z Download action repository 'actions/upload-artifact@v4' (SHA:ea165f8d65b6e75b540449e92b4886f43607fa02)
2026-09-29T00:24:33.4002450Z Complete job name: Build unsigned .ipa for LiveContainer
2026-09-29T00:24:33.4398600Z ##[group]Run actions/checkout@v4
2026-09-29T00:24:33.4399110Z with:
2026-09-29T00:24:33.4399420Z   repository: elujjjin/glassnotes
2026-09-29T00:24:33.4401720Z   token: ***
2026-09-29T00:24:33.4402020Z   ssh-strict: true
2026-09-29T00:24:33.4402320Z   ssh-user: git
2026-09-29T00:24:33.4402620Z   persist-credentials: true
2026-09-29T00:24:33.4402960Z   clean: true
2026-09-29T00:24:33.4403270Z   sparse-checkout-cone-mode: true
2026-09-29T00:24:33.4403620Z   fetch-depth: 1
2026-09-29T00:24:33.4403920Z   fetch-tags: false
2026-09-29T00:24:33.4404220Z   show-progress: true
2026-09-29T00:24:33.4404530Z   lfs: false
2026-09-29T00:24:33.4404820Z   submodules: false
2026-09-29T00:24:33.4405210Z   set-safe-directory: true
2026-09-29T00:24:33.4405560Z   allow-unsafe-pr-checkout: false
2026-09-29T00:24:33.4406010Z ##[endgroup]
2026-09-29T00:24:33.9154840Z Syncing repository: elujjjin/glassnotes
2026-09-29T00:24:33.9158060Z ##[group]Getting Git version info
2026-09-29T00:24:33.9160010Z Working directory is '/Users/runner/work/glassnotes/glassnotes'
2026-09-29T00:24:33.9168220Z [command]/opt/homebrew/bin/git version
2026-09-29T00:24:33.9307690Z git version 2.55.0
2026-09-29T00:24:33.9314020Z ##[endgroup]
2026-09-29T00:24:33.9319970Z Copying '/Users/runner/.gitconfig' to '/Users/runner/work/_temp/1e238ee9-5680-4ab7-8720-81ee75bbdb57/.gitconfig'
2026-09-29T00:24:33.9325080Z Temporarily overriding HOME='/Users/runner/work/_temp/1e238ee9-5680-4ab7-8720-81ee75bbdb57' before making global git config changes
2026-09-29T00:24:33.9326840Z Adding repository directory to the temporary git global config as a safe directory
2026-09-29T00:24:33.9328650Z [command]/opt/homebrew/bin/git config --global --add safe.directory /Users/runner/work/glassnotes/glassnotes
2026-09-29T00:24:33.9419050Z Deleting the contents of '/Users/runner/work/glassnotes/glassnotes'
2026-09-29T00:24:33.9448070Z ##[group]Initializing the repository
2026-09-29T00:24:33.9452190Z [command]/opt/homebrew/bin/git init /Users/runner/work/glassnotes/glassnotes
2026-09-29T00:24:33.9588350Z hint: Using 'master' as the name for the initial branch. This default branch name
2026-09-29T00:24:33.9596950Z hint: will change to "main" in Git 3.0. To configure the initial branch name
2026-09-29T00:24:33.9597880Z hint: to use in all of your new repositories, which will suppress this warning,
2026-09-29T00:24:33.9633770Z hint: call:
2026-09-29T00:24:33.9634590Z hint:
2026-09-29T00:24:33.9640320Z hint: 	git config --global init.defaultBranch <name>
2026-09-29T00:24:33.9656980Z hint:
2026-09-29T00:24:33.9658730Z hint: Names commonly chosen instead of 'master' are 'main', 'trunk' and
2026-09-29T00:24:33.9660850Z hint: 'development'. The just-created branch can be renamed via this command:
2026-09-29T00:24:33.9664810Z hint:
2026-09-29T00:24:33.9666770Z hint: 	git branch -m <name>
2026-09-29T00:24:33.9667250Z hint:
2026-09-29T00:24:33.9667800Z hint: Disable this message with "git config set advice.defaultBranchName false"
2026-09-29T00:24:33.9668860Z Initialized empty Git repository in /Users/runner/work/glassnotes/glassnotes/.git/
2026-09-29T00:24:33.9670550Z [command]/opt/homebrew/bin/git remote add origin https://github.com/elujjjin/glassnotes
2026-09-29T00:24:33.9672060Z ##[endgroup]
2026-09-29T00:24:33.9672730Z ##[group]Disabling automatic garbage collection
2026-09-29T00:24:33.9673340Z [command]/opt/homebrew/bin/git config --local gc.auto 0
2026-09-29T00:24:33.9707080Z ##[endgroup]
2026-09-29T00:24:33.9707670Z ##[group]Setting up auth
2026-09-29T00:24:33.9708390Z [command]/opt/homebrew/bin/git config --local --name-only --get-regexp core\.sshCommand
2026-09-29T00:24:33.9764060Z [command]/opt/homebrew/bin/git submodule foreach --recursive sh -c "git config --local --name-only --get-regexp 'core\.sshCommand' && git config --local --unset-all 'core.sshCommand' || :"
2026-09-29T00:24:34.0539820Z [command]/opt/homebrew/bin/git config --local --name-only --get-regexp http\.https\:\/\/github\.com\/\.extraheader
2026-09-29T00:24:34.0597460Z [command]/opt/homebrew/bin/git submodule foreach --recursive sh -c "git config --local --name-only --get-regexp 'http\.https\:\/\/github\.com\/\.extraheader' && git config --local --unset-all 'http.https://github.com/.extraheader' || :"
2026-09-29T00:24:34.1102540Z [command]/opt/homebrew/bin/git config --local --name-only --get-regexp ^includeIf\.gitdir:
2026-09-29T00:24:34.1129430Z [command]/opt/homebrew/bin/git submodule foreach --recursive git config --local --show-origin --name-only --get-regexp remote.origin.url
2026-09-29T00:24:34.1604190Z [command]/opt/homebrew/bin/git config --local http.https://github.com/.extraheader AUTHORIZATION: basic ***
2026-09-29T00:24:34.1652780Z ##[endgroup]
2026-09-29T00:24:34.1653410Z ##[group]Fetching the repository
2026-09-29T00:24:34.1658270Z [command]/opt/homebrew/bin/git -c protocol.version=2 fetch --no-tags --prune --no-recurse-submodules --depth=1 origin +a5dac2fbf4fefbd8b4986e398831247f21f5521c:refs/remotes/origin/main
2026-09-29T00:24:34.7950640Z From https://github.com/elujjjin/glassnotes
2026-09-29T00:24:34.7951740Z  * [new ref]         a5dac2fbf4fefbd8b4986e398831247f21f5521c -> origin/main
2026-09-29T00:24:34.8123530Z ##[endgroup]
2026-09-29T00:24:34.8125350Z ##[group]Determining the checkout info
2026-09-29T00:24:34.8126400Z ##[endgroup]
2026-09-29T00:24:34.8127010Z [command]/opt/homebrew/bin/git sparse-checkout disable
2026-09-29T00:24:34.8128940Z [command]/opt/homebrew/bin/git config --local --unset-all extensions.worktreeConfig
2026-09-29T00:24:34.8131410Z ##[group]Checking out the ref
2026-09-29T00:24:34.8133060Z [command]/opt/homebrew/bin/git checkout --progress --force -B main refs/remotes/origin/main
2026-09-29T00:24:34.8229280Z Switched to a new branch 'main'
2026-09-29T00:24:34.8234190Z branch 'main' set up to track 'origin/main'.
2026-09-29T00:24:34.8236230Z ##[endgroup]
2026-09-29T00:24:34.8312260Z [command]/opt/homebrew/bin/git log -1 --format=%H
2026-09-29T00:24:34.8357930Z a5dac2fbf4fefbd8b4986e398831247f21f5521c
2026-09-29T00:24:34.8578380Z ##[group]Run sudo xcode-select -s /Applications/Xcode_15.4.app/Contents/Developer
2026-09-29T00:24:34.8580140Z [36;1msudo xcode-select -s /Applications/Xcode_15.4.app/Contents/Developer[0m
2026-09-29T00:24:34.8648400Z shell: /bin/bash -e {0}
2026-09-29T00:24:34.8648960Z ##[endgroup]
2026-09-29T00:24:34.9697640Z ##[group]Run xcodebuild -version
2026-09-29T00:24:34.9698400Z [36;1mxcodebuild -version[0m
2026-09-29T00:24:34.9813320Z shell: /bin/bash -e {0}
2026-09-29T00:24:34.9813850Z ##[endgroup]
2026-09-29T00:24:35.1592070Z Xcode 15.4
2026-09-29T00:24:35.1599240Z Build version 15F31d
2026-09-29T00:24:35.1668280Z ##[group]Run mkdir -p build/derivedData
2026-09-29T00:24:35.1668980Z [36;1mmkdir -p build/derivedData[0m
2026-09-29T00:24:35.1669520Z [36;1mxcodebuild build \[0m
2026-09-29T00:24:35.1670110Z [36;1m  -project GlassNotes.xcodeproj \[0m
2026-09-29T00:24:35.1670720Z [36;1m  -scheme GlassNotes \[0m
2026-09-29T00:24:35.1671230Z [36;1m  -sdk iphoneos \[0m
2026-09-29T00:24:35.1671750Z [36;1m  -configuration Release \[0m
2026-09-29T00:24:35.1672400Z [36;1m  -derivedDataPath build/derivedData \[0m
2026-09-29T00:24:35.1673120Z [36;1m  CODE_SIGN_IDENTITY="" \[0m
2026-09-29T00:24:35.1673720Z [36;1m  CODE_SIGNING_REQUIRED=NO \[0m
2026-09-29T00:24:35.1674390Z [36;1m  CODE_SIGNING_ALLOWED=NO[0m
2026-09-29T00:24:35.1736780Z shell: /bin/bash -e {0}
2026-09-29T00:24:35.1737260Z ##[endgroup]
2026-09-29T00:24:36.3353680Z Command line invocation:
2026-09-29T00:24:36.3355970Z     /Applications/Xcode_15.4.app/Contents/Developer/usr/bin/xcodebuild build -project GlassNotes.xcodeproj -scheme GlassNotes -sdk iphoneos -configuration Release -derivedDataPath build/derivedData CODE_SIGN_IDENTITY= CODE_SIGNING_REQUIRED=NO CODE_SIGNING_ALLOWED=NO
2026-09-29T00:24:36.3356960Z 
2026-09-29T00:24:36.3357170Z User defaults from command line:
2026-09-29T00:24:36.3357600Z     IDEDerivedDataPathOverride = /Users/runner/work/glassnotes/glassnotes/build/derivedData
2026-09-29T00:24:36.3358070Z     IDEPackageSupportUseBuiltinSCM = YES
2026-09-29T00:24:36.3358340Z 
2026-09-29T00:24:36.3358480Z Build settings from command line:
2026-09-29T00:24:36.3358800Z     CODE_SIGN_IDENTITY = 
2026-09-29T00:24:36.3359080Z     CODE_SIGNING_ALLOWED = NO
2026-09-29T00:24:36.3359350Z     CODE_SIGNING_REQUIRED = NO
2026-09-29T00:24:36.3359600Z     SDKROOT = iphoneos17.5
2026-09-29T00:24:36.3359770Z 
2026-09-29T00:24:44.0342260Z --- xcodebuild: WARNING: Using the first of multiple matching destinations:
2026-09-29T00:24:44.0444670Z { platform:iOS, id:dvtdevice-DVTiPhonePlaceholder-iphoneos:placeholder, name:Any iOS Device }
2026-09-29T00:24:44.0547350Z { platform:macOS, arch:arm64, variant:Designed for [iPad,iPhone], id:0000FE00-7CCC9802DA488B9F, name:My Mac }
2026-09-29T00:24:44.0649340Z { platform:iOS Simulator, id:dvtdevice-DVTiOSDeviceSimulatorPlaceholder-iphonesimulator:placeholder, name:Any iOS Simulator Device }
2026-09-29T00:24:44.0751940Z { platform:visionOS Simulator, variant:Designed for [iPad,iPhone], id:053A7A98-5FD7-453F-A161-ED8CF5BA879E, OS:1.2, name:Apple Vision Pro }
2026-09-29T00:24:44.0856150Z { platform:visionOS Simulator, variant:Designed for [iPad,iPhone], id:5368165C-FC92-4220-8F33-31E8294414A5, OS:2.1, name:Apple Vision Pro }
2026-09-29T00:24:44.0959330Z { platform:visionOS Simulator, variant:Designed for [iPad,iPhone], id:139B5B85-24A3-4225-9BE7-A33509E61E3A, OS:2.2, name:Apple Vision Pro }
2026-09-29T00:24:44.1061850Z { platform:iOS Simulator, id:DF74F7F9-BC7D-45D2-B6D7-365012C9D3E3, OS:17.0.1, name:iPad (10th generation) }
2026-09-29T00:24:44.1165570Z { platform:iOS Simulator, id:DF74F7F9-BC7D-45D2-B6D7-365012C9D3E3, OS:17.0.1, name:iPad (10th generation) }
2026-09-29T00:24:44.1170080Z Prepare packages
2026-09-29T00:24:44.1268760Z { platform:iOS Simulator, id:515AD940-54DE-47C5-AFB0-71DA64BD2E4E, OS:17.2, name:iPad (10th generation) }
2026-09-29T00:24:44.1270490Z 
2026-09-29T00:24:44.1372230Z { platform:iOS Simulator, id:515AD940-54DE-47C5-AFB0-71DA64BD2E4E, OS:17.2, name:iPad (10th generation) }
2026-09-29T00:24:44.1474230Z { platform:iOS Simulator, id:AD893D61-CF59-4C1F-BC27-17FA95345AEB, OS:17.4, name:iPad (10th generation) }
2026-09-29T00:24:44.1578030Z { platform:iOS Simulator, id:AD893D61-CF59-4C1F-BC27-17FA95345AEB, OS:17.4, name:iPad (10th generation) }
2026-09-29T00:24:44.1684020Z { platform:iOS Simulator, id:2CCD0546-54BF-40BA-AC38-A12D1301CCF4, OS:17.5, name:iPad (10th generation) }
2026-09-29T00:24:44.1751260Z { platform:iOS Simulator, id:2CCD0546-54BF-40BA-AC38-A12D1301CCF4, OS:17.5, name:iPad (10th generation) }
2026-09-29T00:24:44.1812940Z { platform:iOS Simulator, id:5E1D11CA-A613-48CF-91DB-DCC7869F0CD5, OS:18.1, name:iPad (10th generation) }
2026-09-29T00:24:44.1883240Z { platform:iOS Simulator, id:5E1D11CA-A613-48CF-91DB-DCC7869F0CD5, OS:18.1, name:iPad (10th generation) }
2026-09-29T00:24:44.1987790Z { platform:iOS Simulator, id:67F63B96-D57D-490C-8118-60586AF98CFA, OS:18.2, name:iPad (10th generation) }
2026-09-29T00:24:44.2098890Z { platform:iOS Simulator, id:67F63B96-D57D-490C-8118-60586AF98CFA, OS:18.2, name:iPad (10th generation) }
2026-09-29T00:24:44.2200610Z { platform:iOS Simulator, id:5663D732-1A65-46D2-936B-E50422D5792B, OS:17.0.1, name:iPad Air (5th generation) }
2026-09-29T00:24:44.2306590Z { platform:iOS Simulator, id:5663D732-1A65-46D2-936B-E50422D5792B, OS:17.0.1, name:iPad Air (5th generation) }
2026-09-29T00:24:44.2412210Z { platform:iOS Simulator, id:6C3DF6CE-A91A-4DAF-BBD0-D47F4C0457BC, OS:17.2, name:iPad Air (5th generation) }
2026-09-29T00:24:44.2513820Z { platform:iOS Simulator, id:6C3DF6CE-A91A-4DAF-BBD0-D47F4C0457BC, OS:17.2, name:iPad Air (5th generation) }
2026-09-29T00:24:44.2609600Z note: Using codesigning identity override: 
2026-09-29T00:24:44.2615380Z { platform:iOS Simulator, id:6729BE70-A741-4CBF-98D1-8952B5D29F64, OS:17.4, name:iPad Air (5th generation) }
2026-09-29T00:24:44.2729500Z { platform:iOS Simulator, id:6729BE70-A741-4CBF-98D1-8952B5D29F64, OS:17.4, name:iPad Air (5th generation) }
2026-09-29T00:24:44.2856090Z { platform:iOS Simulator, id:25B3183D-375D-4EAA-8DF5-B2A7BBF9B6D9, OS:17.4, name:iPad Air 11-inch (M2) }
2026-09-29T00:24:44.2977100Z { platform:iOS Simulator, id:25B3183D-375D-4EAA-8DF5-B2A7BBF9B6D9, OS:17.4, name:iPad Air 11-inch (M2) }
2026-09-29T00:24:44.3077270Z { platform:iOS Simulator, id:472D7215-B393-46F9-B17A-8C25A48EA87E, OS:17.5, name:iPad Air 11-inch (M2) }
2026-09-29T00:24:44.3185090Z { platform:iOS Simulator, id:472D7215-B393-46F9-B17A-8C25A48EA87E, OS:17.5, name:iPad Air 11-inch (M2) }
2026-09-29T00:24:44.3302750Z { platform:iOS Simulator, id:400000AD-7A3F-4967-AEEB-3BC0FCDC0AED, OS:18.1, name:iPad Air 11-inch (M2) }
2026-09-29T00:24:44.3465270Z { platform:iOS Simulator, id:400000AD-7A3F-4967-AEEB-3BC0FCDC0AED, OS:18.1, name:iPad Air 11-inch (M2) }
2026-09-29T00:24:44.3570570Z { platform:iOS Simulator, id:EB5721BD-03AE-45E8-99B0-2B68B9CB845C, OS:18.2, name:iPad Air 11-inch (M2) }
2026-09-29T00:24:44.3676210Z { platform:iOS Simulator, id:EB5721BD-03AE-45E8-99B0-2B68B9CB845C, OS:18.2, name:iPad Air 11-inch (M2) }
2026-09-29T00:24:44.3778700Z { platform:iOS Simulator, id:EAEEF433-7DBF-4642-B59F-E4BBB65FD06A, OS:17.4, name:iPad Air 13-inch (M2) }
2026-09-29T00:24:44.3887070Z { platform:iOS Simulator, id:EAEEF433-7DBF-4642-B59F-E4BBB65FD06A, OS:17.4, name:iPad Air 13-inch (M2) }
2026-09-29T00:24:44.4010150Z { platform:iOS Simulator, id:863E18C5-8189-490B-8BB9-275BB97D947E, OS:17.5, name:iPad Air 13-inch (M2) }
2026-09-29T00:24:44.4122000Z { platform:iOS Simulator, id:863E18C5-8189-490B-8BB9-275BB97D947E, OS:17.5, name:iPad Air 13-inch (M2) }
2026-09-29T00:24:44.4227730Z { platform:iOS Simulator, id:2EB25C80-6444-4098-A780-F7F59C0F8DD0, OS:18.1, name:iPad Air 13-inch (M2) }
2026-09-29T00:24:44.4332520Z { platform:iOS Simulator, id:2EB25C80-6444-4098-A780-F7F59C0F8DD0, OS:18.1, name:iPad Air 13-inch (M2) }
2026-09-29T00:24:44.4433980Z { platform:iOS Simulator, id:C7ABC0AA-4EEF-4F25-95EB-13FD2E336D3D, OS:18.2, name:iPad Air 13-inch (M2) }
2026-09-29T00:24:44.4534800Z { platform:iOS Simulator, id:C7ABC0AA-4EEF-4F25-95EB-13FD2E336D3D, OS:18.2, name:iPad Air 13-inch (M2) }
2026-09-29T00:24:44.4637010Z { platform:iOS Simulator, id:29E0C62D-190C-4E79-98C9-A276D0B4D86C, OS:17.0.1, name:iPad Pro (11-inch) (4th generation) }
2026-09-29T00:24:44.4739110Z { platform:iOS Simulator, id:29E0C62D-190C-4E79-98C9-A276D0B4D86C, OS:17.0.1, name:iPad Pro (11-inch) (4th generation) }
2026-09-29T00:24:44.4840670Z { platform:iOS Simulator, id:3FE96799-A2F6-481F-9014-79F0DF49996D, OS:17.2, name:iPad Pro (11-inch) (4th generation) }
2026-09-29T00:24:44.4944720Z { platform:iOS Simulator, id:3FE96799-A2F6-481F-9014-79F0DF49996D, OS:17.2, name:iPad Pro (11-inch) (4th generation) }
2026-09-29T00:24:44.5046580Z { platform:iOS Simulator, id:DF049EFE-271B-4EB2-AA47-1D60564A006E, OS:17.4, name:iPad Pro (11-inch) (4th generation) }
2026-09-29T00:24:44.5147770Z { platform:iOS Simulator, id:DF049EFE-271B-4EB2-AA47-1D60564A006E, OS:17.4, name:iPad Pro (11-inch) (4th generation) }
2026-09-29T00:24:44.5248630Z { platform:iOS Simulator, id:1723678C-0F76-4A79-AD2B-1974F77366DD, OS:17.0.1, name:iPad Pro (12.9-inch) (6th generation) }
2026-09-29T00:24:44.5350340Z { platform:iOS Simulator, id:1723678C-0F76-4A79-AD2B-1974F77366DD, OS:17.0.1, name:iPad Pro (12.9-inch) (6th generation) }
2026-09-29T00:24:44.5450890Z { platform:iOS Simulator, id:C7A8F972-935C-416B-BFBD-4B582A7EDC69, OS:17.2, name:iPad Pro (12.9-inch) (6th generation) }
2026-09-29T00:24:44.5552650Z { platform:iOS Simulator, id:C7A8F972-935C-416B-BFBD-4B582A7EDC69, OS:17.2, name:iPad Pro (12.9-inch) (6th generation) }
2026-09-29T00:24:44.5654450Z { platform:iOS Simulator, id:4B481FF8-4D0D-42EB-B97E-9DE64FF49BD6, OS:17.4, name:iPad Pro (12.9-inch) (6th generation) }
2026-09-29T00:24:44.5756100Z { platform:iOS Simulator, id:4B481FF8-4D0D-42EB-B97E-9DE64FF49BD6, OS:17.4, name:iPad Pro (12.9-inch) (6th generation) }
2026-09-29T00:24:44.5857770Z { platform:iOS Simulator, id:11EFB8C6-ED66-489F-A458-204D59C42F76, OS:17.4, name:iPad Pro 11-inch (M4) }
2026-09-29T00:24:44.5959160Z { platform:iOS Simulator, id:11EFB8C6-ED66-489F-A458-204D59C42F76, OS:17.4, name:iPad Pro 11-inch (M4) }
2026-09-29T00:24:44.6060860Z { platform:iOS Simulator, id:F89BCCFC-5701-4B88-A238-EE866AF4834F, OS:17.5, name:iPad Pro 11-inch (M4) }
2026-09-29T00:24:44.6171310Z { platform:iOS Simulator, id:F89BCCFC-5701-4B88-A238-EE866AF4834F, OS:17.5, name:iPad Pro 11-inch (M4) }
2026-09-29T00:24:44.6283700Z { platform:iOS Simulator, id:F9076D85-9C14-4ED2-93F6-E71E6F981F89, OS:18.1, name:iPad Pro 11-inch (M4) }
2026-09-29T00:24:44.6385490Z { platform:iOS Simulator, id:F9076D85-9C14-4ED2-93F6-E71E6F981F89, OS:18.1, name:iPad Pro 11-inch (M4) }
2026-09-29T00:24:44.6486350Z { platform:iOS Simulator, id:4F2A0F20-9193-43F8-A522-C0AA707A082E, OS:18.2, name:iPad Pro 11-inch (M4) }
2026-09-29T00:24:44.6588460Z { platform:iOS Simulator, id:4F2A0F20-9193-43F8-A522-C0AA707A082E, OS:18.2, name:iPad Pro 11-inch (M4) }
2026-09-29T00:24:44.6689120Z { platform:iOS Simulator, id:BBFEF709-CB95-447F-B6CA-D0498DA0B173, OS:17.4, name:iPad Pro 13-inch (M4) }
2026-09-29T00:24:44.6790460Z { platform:iOS Simulator, id:BBFEF709-CB95-447F-B6CA-D0498DA0B173, OS:17.4, name:iPad Pro 13-inch (M4) }
2026-09-29T00:24:44.6892110Z { platform:iOS Simulator, id:D69181A5-5606-482B-B916-B040BE2D9FA3, OS:17.5, name:iPad Pro 13-inch (M4) }
2026-09-29T00:24:44.6993670Z { platform:iOS Simulator, id:D69181A5-5606-482B-B916-B040BE2D9FA3, OS:17.5, name:iPad Pro 13-inch (M4) }
2026-09-29T00:24:44.7098310Z { platform:iOS Simulator, id:BC70BF55-6CA3-43D6-8ACC-E91B7C39C6AB, OS:18.1, name:iPad Pro 13-inch (M4) }
2026-09-29T00:24:44.7117530Z ComputeTargetDependencyGraph
2026-09-29T00:24:44.7199900Z { platform:iOS Simulator, id:BC70BF55-6CA3-43D6-8ACC-E91B7C39C6AB, OS:18.1, name:iPad Pro 13-inch (M4) }
2026-09-29T00:24:44.7300750Z { platform:iOS Simulator, id:0A36B23B-1467-4152-AFD1-2D260E18A13A, OS:18.2, name:iPad Pro 13-inch (M4) }
2026-09-29T00:24:44.7401480Z { platform:iOS Simulator, id:0A36B23B-1467-4152-AFD1-2D260E18A13A, OS:18.2, name:iPad Pro 13-inch (M4) }
2026-09-29T00:24:44.7402060Z note: Building targets in dependency order
2026-09-29T00:24:44.7503310Z { platform:iOS Simulator, id:BD6387D7-ADCF-4683-B5C2-B6E5A6768FD9, OS:17.0.1, name:iPad mini (6th generation) }
2026-09-29T00:24:44.7504560Z note: Target dependency graph (1 target)
2026-09-29T00:24:44.7603890Z { platform:iOS Simulator, id:BD6387D7-ADCF-4683-B5C2-B6E5A6768FD9, OS:17.0.1, name:iPad mini (6th generation) }
2026-09-29T00:24:44.7604530Z     Target 'GlassNotes' in project 'GlassNotes' (no dependencies)
2026-09-29T00:24:44.7705960Z { platform:iOS Simulator, id:C35FEA6C-B13A-48DD-B9F6-A638EC541DCC, OS:17.2, name:iPad mini (6th generation) }
2026-09-29T00:24:44.7706790Z 
2026-09-29T00:24:44.7806130Z { platform:iOS Simulator, id:C35FEA6C-B13A-48DD-B9F6-A638EC541DCC, OS:17.2, name:iPad mini (6th generation) }
2026-09-29T00:24:44.7806820Z GatherProvisioningInputs
2026-09-29T00:24:44.7906460Z { platform:iOS Simulator, id:C7C37F38-AECA-4FC8-B383-F038DCD1588E, OS:17.4, name:iPad mini (6th generation) }
2026-09-29T00:24:44.7906950Z 
2026-09-29T00:24:44.8008110Z { platform:iOS Simulator, id:C7C37F38-AECA-4FC8-B383-F038DCD1588E, OS:17.4, name:iPad mini (6th generation) }
2026-09-29T00:24:44.8008800Z CreateBuildDescription
2026-09-29T00:24:44.8108580Z { platform:iOS Simulator, id:DA1F2196-DA29-4D5E-8BA8-9978EB2033E6, OS:17.5, name:iPad mini (6th generation) }
2026-09-29T00:24:44.8109030Z 
2026-09-29T00:24:44.8210000Z { platform:iOS Simulator, id:DA1F2196-DA29-4D5E-8BA8-9978EB2033E6, OS:17.5, name:iPad mini (6th generation) }
2026-09-29T00:24:44.8211150Z ExecuteExternalTool /Applications/Xcode_15.4.app/Contents/Developer/Toolchains/XcodeDefault.xctoolchain/usr/bin/swiftc -v
2026-09-29T00:24:44.8310660Z { platform:iOS Simulator, id:951E7119-0D57-4405-BC5D-111B9C0B4C97, OS:18.1, name:iPad mini (A17 Pro) }
2026-09-29T00:24:44.8411870Z { platform:iOS Simulator, id:951E7119-0D57-4405-BC5D-111B9C0B4C97, OS:18.1, name:iPad mini (A17 Pro) }
2026-09-29T00:24:44.8513560Z { platform:iOS Simulator, id:0F36BEB5-08B4-447F-A9D5-1DE57F2AA740, OS:18.2, name:iPad mini (A17 Pro) }
2026-09-29T00:24:44.8615350Z { platform:iOS Simulator, id:0F36BEB5-08B4-447F-A9D5-1DE57F2AA740, OS:18.2, name:iPad mini (A17 Pro) }
2026-09-29T00:24:44.8715480Z { platform:iOS Simulator, id:85C23E01-9DF2-4DCC-B85A-E0BBB7758E48, OS:17.0.1, name:iPhone 15 }
2026-09-29T00:24:44.8817030Z { platform:iOS Simulator, id:85C23E01-9DF2-4DCC-B85A-E0BBB7758E48, OS:17.0.1, name:iPhone 15 }
2026-09-29T00:24:44.8917300Z { platform:iOS Simulator, id:B85A6126-D430-4125-9250-E65CD7DF14B7, OS:17.2, name:iPhone 15 }
2026-09-29T00:24:44.9018560Z { platform:iOS Simulator, id:B85A6126-D430-4125-9250-E65CD7DF14B7, OS:17.2, name:iPhone 15 }
2026-09-29T00:24:44.9121320Z { platform:iOS Simulator, id:30F33610-4843-4C04-99B0-734F24ADAB6B, OS:17.4, name:iPhone 15 }
2026-09-29T00:24:44.9221260Z { platform:iOS Simulator, id:30F33610-4843-4C04-99B0-734F24ADAB6B, OS:17.4, name:iPhone 15 }
2026-09-29T00:24:44.9322650Z { platform:iOS Simulator, id:CC86AE0C-952D-43BA-B4CA-7A9A56FB3E00, OS:17.5, name:iPhone 15 }
2026-09-29T00:24:44.9425130Z { platform:iOS Simulator, id:CC86AE0C-952D-43BA-B4CA-7A9A56FB3E00, OS:17.5, name:iPhone 15 }
2026-09-29T00:24:44.9550340Z { platform:iOS Simulator, id:17A8C012-E83F-467F-888A-25C2977491AB, OS:17.0.1, name:iPhone 15 Plus }
2026-09-29T00:24:44.9660130Z { platform:iOS Simulator, id:17A8C012-E83F-467F-888A-25C2977491AB, OS:17.0.1, name:iPhone 15 Plus }
2026-09-29T00:24:44.9661040Z { platform:iOS Simulator, id:D4463870-0237-4022-B154-00CCA82A0636, OS:17.2, name:iPhone 15 Plus }
2026-09-29T00:24:44.9764190Z { platform:iOS Simulator, id:D4463870-0237-4022-B154-00CCA82A0636, OS:17.2, name:iPhone 15 Plus }
2026-09-29T00:24:44.9868800Z { platform:iOS Simulator, id:9E6981FD-68F6-499B-9715-54D0AC6B324E, OS:17.4, name:iPhone 15 Plus }
2026-09-29T00:24:44.9972740Z { platform:iOS Simulator, id:9E6981FD-68F6-499B-9715-54D0AC6B324E, OS:17.4, name:iPhone 15 Plus }
2026-09-29T00:24:45.0074580Z { platform:iOS Simulator, id:4AA0BA9A-F857-4E14-B7E2-0886D349E70F, OS:17.5, name:iPhone 15 Plus }
2026-09-29T00:24:45.0177120Z { platform:iOS Simulator, id:4AA0BA9A-F857-4E14-B7E2-0886D349E70F, OS:17.5, name:iPhone 15 Plus }
2026-09-29T00:24:45.0279270Z { platform:iOS Simulator, id:E3BBCD6B-A52D-45EF-B6E0-96D3151F472D, OS:17.0.1, name:iPhone 15 Pro }
2026-09-29T00:24:45.0382290Z { platform:iOS Simulator, id:E3BBCD6B-A52D-45EF-B6E0-96D3151F472D, OS:17.0.1, name:iPhone 15 Pro }
2026-09-29T00:24:45.0483720Z { platform:iOS Simulator, id:0C511E31-82CB-4CE3-AF79-548A755737AE, OS:17.2, name:iPhone 15 Pro }
2026-09-29T00:24:45.0597490Z { platform:iOS Simulator, id:0C511E31-82CB-4CE3-AF79-548A755737AE, OS:17.2, name:iPhone 15 Pro }
2026-09-29T00:24:45.0700440Z { platform:iOS Simulator, id:E63A4C69-8ADF-4037-A5EE-AE47A98E069B, OS:17.4, name:iPhone 15 Pro }
2026-09-29T00:24:45.0809550Z { platform:iOS Simulator, id:E63A4C69-8ADF-4037-A5EE-AE47A98E069B, OS:17.4, name:iPhone 15 Pro }
2026-09-29T00:24:45.0914240Z { platform:iOS Simulator, id:B15C98D2-D2CB-4366-B470-4881BB76708E, OS:17.5, name:iPhone 15 Pro }
2026-09-29T00:24:45.1018060Z { platform:iOS Simulator, id:B15C98D2-D2CB-4366-B470-4881BB76708E, OS:17.5, name:iPhone 15 Pro }
2026-09-29T00:24:45.1124070Z { platform:iOS Simulator, id:37718831-123C-4D87-9302-7C0F0C3DF7A1, OS:18.1, name:iPhone 15 Pro }
2026-09-29T00:24:45.1226620Z { platform:iOS Simulator, id:37718831-123C-4D87-9302-7C0F0C3DF7A1, OS:18.1, name:iPhone 15 Pro }
2026-09-29T00:24:45.1363920Z { platform:iOS Simulator, id:78A14695-FEEB-4A7C-A0FA-91541B02259E, OS:17.0.1, name:iPhone 15 Pro Max }
2026-09-29T00:24:45.1465520Z { platform:iOS Simulator, id:78A14695-FEEB-4A7C-A0FA-91541B02259E, OS:17.0.1, name:iPhone 15 Pro Max }
2026-09-29T00:24:45.1568710Z { platform:iOS Simulator, id:753632A6-2C76-413F-80EA-EA5B7C90310B, OS:17.2, name:iPhone 15 Pro Max }
2026-09-29T00:24:45.1670200Z { platform:iOS Simulator, id:753632A6-2C76-413F-80EA-EA5B7C90310B, OS:17.2, name:iPhone 15 Pro Max }
2026-09-29T00:24:45.1772220Z { platform:iOS Simulator, id:F2188A35-1A84-46E5-AD89-58890B04C591, OS:17.4, name:iPhone 15 Pro Max }
2026-09-29T00:24:45.1873730Z { platform:iOS Simulator, id:F2188A35-1A84-46E5-AD89-58890B04C591, OS:17.4, name:iPhone 15 Pro Max }
2026-09-29T00:24:45.1980250Z { platform:iOS Simulator, id:B67BB802-8F6F-4830-A0C0-81D202D4AE98, OS:17.5, name:iPhone 15 Pro Max }
2026-09-29T00:24:45.2082350Z { platform:iOS Simulator, id:B67BB802-8F6F-4830-A0C0-81D202D4AE98, OS:17.5, name:iPhone 15 Pro Max }
2026-09-29T00:24:45.2186290Z { platform:iOS Simulator, id:A5B144E6-A071-4106-B457-76AA34C952DD, OS:18.1, name:iPhone 16 }
2026-09-29T00:24:45.2296280Z { platform:iOS Simulator, id:A5B144E6-A071-4106-B457-76AA34C952DD, OS:18.1, name:iPhone 16 }
2026-09-29T00:24:45.2399620Z { platform:iOS Simulator, id:EDC4F281-97FB-4004-B8FA-3ED2BD36749C, OS:18.2, name:iPhone 16 }
2026-09-29T00:24:45.2543250Z { platform:iOS Simulator, id:EDC4F281-97FB-4004-B8FA-3ED2BD36749C, OS:18.2, name:iPhone 16 }
2026-09-29T00:24:45.2667800Z { platform:iOS Simulator, id:CDBA815E-750D-4478-84CE-3B56660EA7E2, OS:18.1, name:iPhone 16 Plus }
2026-09-29T00:24:45.2769270Z { platform:iOS Simulator, id:CDBA815E-750D-4478-84CE-3B56660EA7E2, OS:18.1, name:iPhone 16 Plus }
2026-09-29T00:24:45.2870740Z { platform:iOS Simulator, id:21915B6B-125F-4295-A2C0-EC803AABBF05, OS:18.2, name:iPhone 16 Plus }
2026-09-29T00:24:45.2972160Z { platform:iOS Simulator, id:21915B6B-125F-4295-A2C0-EC803AABBF05, OS:18.2, name:iPhone 16 Plus }
2026-09-29T00:24:45.3073690Z { platform:iOS Simulator, id:E6F7DFB4-78AF-4B8D-A285-B24000457240, OS:18.1, name:iPhone 16 Pro }
2026-09-29T00:24:45.3175700Z { platform:iOS Simulator, id:E6F7DFB4-78AF-4B8D-A285-B24000457240, OS:18.1, name:iPhone 16 Pro }
2026-09-29T00:24:45.3279960Z { platform:iOS Simulator, id:154781AA-E525-424F-9768-390D4DED6241, OS:18.2, name:iPhone 16 Pro }
2026-09-29T00:24:45.3485390Z { platform:iOS Simulator, id:154781AA-E525-424F-9768-390D4DED6241, OS:18.2, name:iPhone 16 Pro }
2026-09-29T00:24:45.3586990Z { platform:iOS Simulator, id:D93350B9-61EE-4432-BD8E-E25978972F13, OS:18.1, name:iPhone 16 Pro Max }
2026-09-29T00:24:45.3688550Z { platform:iOS Simulator, id:D93350B9-61EE-4432-BD8E-E25978972F13, OS:18.1, name:iPhone 16 Pro Max }
2026-09-29T00:24:45.3789040Z { platform:iOS Simulator, id:F4C49282-5F1D-44F0-B0C6-178B582DB734, OS:18.2, name:iPhone 16 Pro Max }
2026-09-29T00:24:45.3790580Z 
2026-09-29T00:24:45.3891750Z { platform:iOS Simulator, id:F4C49282-5F1D-44F0-B0C6-178B582DB734, OS:18.2, name:iPhone 16 Pro Max }
2026-09-29T00:24:45.3894440Z ExecuteExternalTool /Applications/Xcode_15.4.app/Contents/Developer/Toolchains/XcodeDefault.xctoolchain/usr/bin/clang -v -E -dM -isysroot /Applications/Xcode_15.4.app/Contents/Developer/Platforms/iPhoneOS.platform/Developer/SDKs/iPhoneOS17.5.sdk -x c -c /dev/null
2026-09-29T00:24:45.3997000Z { platform:iOS Simulator, id:3E23127D-2EE4-4591-89A5-FD2CEE2A05CE, OS:17.0.1, name:iPhone SE (3rd generation) }
2026-09-29T00:24:45.4097720Z { platform:iOS Simulator, id:3E23127D-2EE4-4591-89A5-FD2CEE2A05CE, OS:17.0.1, name:iPhone SE (3rd generation) }
2026-09-29T00:24:45.4199250Z { platform:iOS Simulator, id:1EEC7A8C-5A8B-4FBE-B86E-AE7A34D4A64A, OS:17.2, name:iPhone SE (3rd generation) }
2026-09-29T00:24:45.4299830Z { platform:iOS Simulator, id:1EEC7A8C-5A8B-4FBE-B86E-AE7A34D4A64A, OS:17.2, name:iPhone SE (3rd generation) }
2026-09-29T00:24:45.4402720Z { platform:iOS Simulator, id:1A195176-A999-41D7-A7D6-84FCB41A26EF, OS:17.4, name:iPhone SE (3rd generation) }
2026-09-29T00:24:45.4511540Z { platform:iOS Simulator, id:1A195176-A999-41D7-A7D6-84FCB41A26EF, OS:17.4, name:iPhone SE (3rd generation) }
2026-09-29T00:24:45.4621610Z { platform:iOS Simulator, id:52978592-8BD6-4A5C-8913-43711812C97D, OS:17.5, name:iPhone SE (3rd generation) }
2026-09-29T00:24:45.4622820Z { platform:iOS Simulator, id:52978592-8BD6-4A5C-8913-43711812C97D, OS:17.5, name:iPhone SE (3rd generation) }
2026-09-29T00:24:45.4729100Z { platform:iOS Simulator, id:55BC56C5-67CD-46A7-BB04-A0B19A8F0AAC, OS:18.1, name:iPhone SE (3rd generation) }
2026-09-29T00:24:45.4832270Z { platform:iOS Simulator, id:55BC56C5-67CD-46A7-BB04-A0B19A8F0AAC, OS:18.1, name:iPhone SE (3rd generation) }
2026-09-29T00:24:45.4933530Z { platform:iOS Simulator, id:A9044B95-7ADA-4C87-9EE0-0393C5CC6805, OS:18.2, name:iPhone SE (3rd generation) }
2026-09-29T00:24:45.5035220Z { platform:iOS Simulator, id:A9044B95-7ADA-4C87-9EE0-0393C5CC6805, OS:18.2, name:iPhone SE (3rd generation) }
2026-09-29T00:24:45.7454400Z 
2026-09-29T00:24:45.7624450Z ExecuteExternalTool /Applications/Xcode_15.4.app/Contents/Developer/Toolchains/XcodeDefault.xctoolchain/usr/bin/ld -version_details
2026-09-29T00:24:45.9586550Z 
2026-09-29T00:24:45.9908630Z Build description signature: 3a46a937928ce848a5806b192a92ac4e
2026-09-29T00:24:46.0014860Z Build description path: /Users/runner/work/glassnotes/glassnotes/build/derivedData/Build/Intermediates.noindex/XCBuildData/3a46a937928ce848a5806b192a92ac4e.xcbuilddata
2026-09-29T00:24:46.0615430Z CreateBuildDirectory /Users/runner/work/glassnotes/glassnotes/build/derivedData/Build/Products
2026-09-29T00:24:46.0743550Z     cd /Users/runner/work/glassnotes/glassnotes/GlassNotes.xcodeproj
2026-09-29T00:24:46.0850200Z     builtin-create-build-directory /Users/runner/work/glassnotes/glassnotes/build/derivedData/Build/Products
2026-09-29T00:24:46.0951650Z 
2026-09-29T00:24:46.1053610Z CreateBuildDirectory /Users/runner/work/glassnotes/glassnotes/build/derivedData/Build/Intermediates.noindex
2026-09-29T00:24:46.1157220Z     cd /Users/runner/work/glassnotes/glassnotes/GlassNotes.xcodeproj
2026-09-29T00:24:46.1259170Z     builtin-create-build-directory /Users/runner/work/glassnotes/glassnotes/build/derivedData/Build/Intermediates.noindex
2026-09-29T00:24:46.1359430Z 
2026-09-29T00:24:46.1462030Z ClangStatCache /Applications/Xcode_15.4.app/Contents/Developer/Toolchains/XcodeDefault.xctoolchain/usr/bin/clang-stat-cache /Applications/Xcode_15.4.app/Contents/Developer/Platforms/iPhoneOS.platform/Developer/SDKs/iPhoneOS17.5.sdk /Users/runner/work/glassnotes/glassnotes/build/derivedData/SDKStatCaches.noindex/iphoneos17.5-21F77-f0fa7969d082b13145125136a829df3a.sdkstatcache
2026-09-29T00:24:46.1562320Z     cd /Users/runner/work/glassnotes/glassnotes/GlassNotes.xcodeproj
2026-09-29T00:24:46.1665160Z     /Applications/Xcode_15.4.app/Contents/Developer/Toolchains/XcodeDefault.xctoolchain/usr/bin/clang-stat-cache /Applications/Xcode_15.4.app/Contents/Developer/Platforms/iPhoneOS.platform/Developer/SDKs/iPhoneOS17.5.sdk -o /Users/runner/work/glassnotes/glassnotes/build/derivedData/SDKStatCaches.noindex/iphoneos17.5-21F77-f0fa7969d082b13145125136a829df3a.sdkstatcache
2026-09-29T00:24:47.0889090Z 
2026-09-29T00:24:47.0990690Z CreateBuildDirectory /Users/runner/work/glassnotes/glassnotes/build/derivedData/Build/Products/Release-iphoneos
2026-09-29T00:24:47.1090750Z     cd /Users/runner/work/glassnotes/glassnotes/GlassNotes.xcodeproj
2026-09-29T00:24:47.1192340Z     builtin-create-build-directory /Users/runner/work/glassnotes/glassnotes/build/derivedData/Build/Products/Release-iphoneos
2026-09-29T00:24:47.1293170Z 
2026-09-29T00:24:47.1394320Z CreateBuildDirectory /Users/runner/work/glassnotes/glassnotes/build/derivedData/Build/Intermediates.noindex/EagerLinkingTBDs/Release-iphoneos
2026-09-29T00:24:47.1494170Z     cd /Users/runner/work/glassnotes/glassnotes/GlassNotes.xcodeproj
2026-09-29T00:24:47.1596130Z     builtin-create-build-directory /Users/runner/work/glassnotes/glassnotes/build/derivedData/Build/Intermediates.noindex/EagerLinkingTBDs/Release-iphoneos
2026-09-29T00:24:47.1701130Z 
2026-09-29T00:24:47.1802420Z MkDir /Users/runner/work/glassnotes/glassnotes/build/derivedData/Build/Products/Release-iphoneos/GlassNotes.app (in target 'GlassNotes' from project 'GlassNotes')
2026-09-29T00:24:47.1903850Z     cd /Users/runner/work/glassnotes/glassnotes
2026-09-29T00:24:47.2005330Z     /bin/mkdir -p /Users/runner/work/glassnotes/glassnotes/build/derivedData/Build/Products/Release-iphoneos/GlassNotes.app
2026-09-29T00:24:47.2104920Z 
2026-09-29T00:24:47.2206070Z WriteAuxiliaryFile /Users/runner/work/glassnotes/glassnotes/build/derivedData/Build/Intermediates.noindex/GlassNotes.build/Release-iphoneos/GlassNotes.build/all-product-headers.yaml (in target 'GlassNotes' from project 'GlassNotes')
2026-09-29T00:24:47.2305870Z     cd /Users/runner/work/glassnotes/glassnotes
2026-09-29T00:24:47.2407280Z     write-file /Users/runner/work/glassnotes/glassnotes/build/derivedData/Build/Intermediates.noindex/GlassNotes.build/Release-iphoneos/GlassNotes.build/all-product-headers.yaml
2026-09-29T00:24:47.2506700Z 
2026-09-29T00:24:47.2608060Z WriteAuxiliaryFile /Users/runner/work/glassnotes/glassnotes/build/derivedData/Build/Intermediates.noindex/GlassNotes.build/Release-iphoneos/GlassNotes.build/GlassNotes.hmap (in target 'GlassNotes' from project 'GlassNotes')
2026-09-29T00:24:47.2710220Z     cd /Users/runner/work/glassnotes/glassnotes
2026-09-29T00:24:47.2811560Z     write-file /Users/runner/work/glassnotes/glassnotes/build/derivedData/Build/Intermediates.noindex/GlassNotes.build/Release-iphoneos/GlassNotes.build/GlassNotes.hmap
2026-09-29T00:24:47.2912730Z 
2026-09-29T00:24:47.3014270Z WriteAuxiliaryFile /Users/runner/work/glassnotes/glassnotes/build/derivedData/Build/Intermediates.noindex/GlassNotes.build/Release-iphoneos/GlassNotes.build/GlassNotes-project-headers.hmap (in target 'GlassNotes' from project 'GlassNotes')
2026-09-29T00:24:47.3114660Z     cd /Users/runner/work/glassnotes/glassnotes
2026-09-29T00:24:47.3215650Z     write-file /Users/runner/work/glassnotes/glassnotes/build/derivedData/Build/Intermediates.noindex/GlassNotes.build/Release-iphoneos/GlassNotes.build/GlassNotes-project-headers.hmap
2026-09-29T00:24:47.3316780Z 
2026-09-29T00:24:47.3418390Z WriteAuxiliaryFile /Users/runner/work/glassnotes/glassnotes/build/derivedData/Build/Intermediates.noindex/GlassNotes.build/Release-iphoneos/GlassNotes.build/GlassNotes-own-target-headers.hmap (in target 'GlassNotes' from project 'GlassNotes')
2026-09-29T00:24:47.3518180Z     cd /Users/runner/work/glassnotes/glassnotes
2026-09-29T00:24:47.3619960Z     write-file /Users/runner/work/glassnotes/glassnotes/build/derivedData/Build/Intermediates.noindex/GlassNotes.build/Release-iphoneos/GlassNotes.build/GlassNotes-own-target-headers.hmap
2026-09-29T00:24:47.3719390Z 
2026-09-29T00:24:47.3820520Z WriteAuxiliaryFile /Users/runner/work/glassnotes/glassnotes/build/derivedData/Build/Intermediates.noindex/GlassNotes.build/Release-iphoneos/GlassNotes.build/GlassNotes-generated-files.hmap (in target 'GlassNotes' from project 'GlassNotes')
2026-09-29T00:24:47.3920480Z     cd /Users/runner/work/glassnotes/glassnotes
2026-09-29T00:24:47.4021420Z     write-file /Users/runner/work/glassnotes/glassnotes/build/derivedData/Build/Intermediates.noindex/GlassNotes.build/Release-iphoneos/GlassNotes.build/GlassNotes-generated-files.hmap
2026-09-29T00:24:47.4121350Z 
2026-09-29T00:24:47.4223010Z WriteAuxiliaryFile /Users/runner/work/glassnotes/glassnotes/build/derivedData/Build/Intermediates.noindex/GlassNotes.build/Release-iphoneos/GlassNotes.build/GlassNotes-all-target-headers.hmap (in target 'GlassNotes' from project 'GlassNotes')
2026-09-29T00:24:47.4322230Z     cd /Users/runner/work/glassnotes/glassnotes
2026-09-29T00:24:47.4423660Z     write-file /Users/runner/work/glassnotes/glassnotes/build/derivedData/Build/Intermediates.noindex/GlassNotes.build/Release-iphoneos/GlassNotes.build/GlassNotes-all-target-headers.hmap
2026-09-29T00:24:47.4523260Z 
2026-09-29T00:24:47.4624690Z WriteAuxiliaryFile /Users/runner/work/glassnotes/glassnotes/build/derivedData/Build/Intermediates.noindex/GlassNotes.build/Release-iphoneos/GlassNotes.build/GlassNotes-all-non-framework-target-headers.hmap (in target 'GlassNotes' from project 'GlassNotes')
2026-09-29T00:24:47.4724440Z     cd /Users/runner/work/glassnotes/glassnotes
2026-09-29T00:24:47.4826230Z     write-file /Users/runner/work/glassnotes/glassnotes/build/derivedData/Build/Intermediates.noindex/GlassNotes.build/Release-iphoneos/GlassNotes.build/GlassNotes-all-non-framework-target-headers.hmap
2026-09-29T00:24:47.4925570Z 
2026-09-29T00:24:47.5026820Z WriteAuxiliaryFile /Users/runner/work/glassnotes/glassnotes/build/derivedData/Build/Intermediates.noindex/GlassNotes.build/Release-iphoneos/GlassNotes.build/Objects-normal/arm64/GlassNotes.LinkFileList (in target 'GlassNotes' from project 'GlassNotes')
2026-09-29T00:24:47.5126860Z     cd /Users/runner/work/glassnotes/glassnotes
2026-09-29T00:24:47.5228400Z     write-file /Users/runner/work/glassnotes/glassnotes/build/derivedData/Build/Intermediates.noindex/GlassNotes.build/Release-iphoneos/GlassNotes.build/Objects-normal/arm64/GlassNotes.LinkFileList
2026-09-29T00:24:47.5328110Z 
2026-09-29T00:24:47.5429840Z WriteAuxiliaryFile /Users/runner/work/glassnotes/glassnotes/build/derivedData/Build/Intermediates.noindex/GlassNotes.build/Release-iphoneos/GlassNotes.build/Objects-normal/arm64/GlassNotes_const_extract_protocols.json (in target 'GlassNotes' from project 'GlassNotes')
2026-09-29T00:24:47.5529520Z     cd /Users/runner/work/glassnotes/glassnotes
2026-09-29T00:24:47.5630000Z     write-file /Users/runner/work/glassnotes/glassnotes/build/derivedData/Build/Intermediates.noindex/GlassNotes.build/Release-iphoneos/GlassNotes.build/Objects-normal/arm64/GlassNotes_const_extract_protocols.json
2026-09-29T00:24:47.5731150Z 
2026-09-29T00:24:47.5833020Z WriteAuxiliaryFile /Users/runner/work/glassnotes/glassnotes/build/derivedData/Build/Intermediates.noindex/GlassNotes.build/Release-iphoneos/GlassNotes.build/Objects-normal/arm64/GlassNotes.SwiftFileList (in target 'GlassNotes' from project 'GlassNotes')
2026-09-29T00:24:47.5932770Z     cd /Users/runner/work/glassnotes/glassnotes
2026-09-29T00:24:47.6033720Z     write-file /Users/runner/work/glassnotes/glassnotes/build/derivedData/Build/Intermediates.noindex/GlassNotes.build/Release-iphoneos/GlassNotes.build/Objects-normal/arm64/GlassNotes.SwiftFileList
2026-09-29T00:24:47.6132970Z 
2026-09-29T00:24:47.6235320Z WriteAuxiliaryFile /Users/runner/work/glassnotes/glassnotes/build/derivedData/Build/Intermediates.noindex/GlassNotes.build/Release-iphoneos/GlassNotes.build/Objects-normal/arm64/GlassNotes-OutputFileMap.json (in target 'GlassNotes' from project 'GlassNotes')
2026-09-29T00:24:47.6337150Z     cd /Users/runner/work/glassnotes/glassnotes
2026-09-29T00:24:47.6438290Z     write-file /Users/runner/work/glassnotes/glassnotes/build/derivedData/Build/Intermediates.noindex/GlassNotes.build/Release-iphoneos/GlassNotes.build/Objects-normal/arm64/GlassNotes-OutputFileMap.json
2026-09-29T00:24:47.6538690Z 
2026-09-29T00:24:47.6639860Z ProcessInfoPlistFile /Users/runner/work/glassnotes/glassnotes/build/derivedData/Build/Products/Release-iphoneos/GlassNotes.app/Info.plist /Users/runner/work/glassnotes/glassnotes/GlassNotes/App/Info.plist (in target 'GlassNotes' from project 'GlassNotes')
2026-09-29T00:24:47.6740880Z     cd /Users/runner/work/glassnotes/glassnotes
2026-09-29T00:24:47.6843960Z     builtin-infoPlistUtility /Users/runner/work/glassnotes/glassnotes/GlassNotes/App/Info.plist -producttype com.apple.product-type.application -genpkginfo /Users/runner/work/glassnotes/glassnotes/build/derivedData/Build/Products/Release-iphoneos/GlassNotes.app/PkgInfo -expandbuildsettings -format binary -platform iphoneos -requiredArchitecture arm64 -o /Users/runner/work/glassnotes/glassnotes/build/derivedData/Build/Products/Release-iphoneos/GlassNotes.app/Info.plist
2026-09-29T00:24:47.6946140Z 
2026-09-29T00:24:47.7047260Z SwiftDriver GlassNotes normal arm64 com.apple.xcode.tools.swift.compiler (in target 'GlassNotes' from project 'GlassNotes')
2026-09-29T00:24:47.7149170Z     cd /Users/runner/work/glassnotes/glassnotes
2026-09-29T00:24:47.7264990Z     builtin-SwiftDriver -- /Applications/Xcode_15.4.app/Contents/Developer/Toolchains/XcodeDefault.xctoolchain/usr/bin/swiftc -module-name GlassNotes -O -whole-module-optimization -enforce-exclusivity\=checked @/Users/runner/work/glassnotes/glassnotes/build/derivedData/Build/Intermediates.noindex/GlassNotes.build/Release-iphoneos/GlassNotes.build/Objects-normal/arm64/GlassNotes.SwiftFileList -sdk /Applications/Xcode_15.4.app/Contents/Developer/Platforms/iPhoneOS.platform/Developer/SDKs/iPhoneOS17.5.sdk -target arm64-apple-ios17.0 -enable-bare-slash-regex -g -module-cache-path /Users/runner/work/glassnotes/glassnotes/build/derivedData/ModuleCache.noindex -Xfrontend -serialize-debugging-options -swift-version 5 -I /Users/runner/work/glassnotes/glassnotes/build/derivedData/Build/Products/Release-iphoneos -F /Users/runner/work/glassnotes/glassnotes/build/derivedData/Build/Products/Release-iphoneos -c -num-threads 3 -Xcc -ivfsstatcache -Xcc /Users/runner/work/glassnotes/glassnotes/build/derivedData/SDKStatCaches.noindex/iphoneos17.5-21F77-f0fa7969d082b13145125136a829df3a.sdkstatcache -output-file-map /Users/runner/work/glassnotes/glassnotes/build/derivedData/Build/Intermediates.noindex/GlassNotes.build/Release-iphoneos/GlassNotes.build/Objects-normal/arm64/GlassNotes-OutputFileMap.json -use-frontend-parseable-output -save-temps -no-color-diagnostics -serialize-diagnostics -emit-dependencies -emit-module -emit-module-path /Users/runner/work/glassnotes/glassnotes/build/derivedData/Build/Intermediates.noindex/GlassNotes.build/Release-iphoneos/GlassNotes.build/Objects-normal/arm64/GlassNotes.swiftmodule -validate-clang-modules-once -clang-build-session-file /Users/runner/work/glassnotes/glassnotes/build/derivedData/ModuleCache.noindex/Session.modulevalidation -Xcc -I/Users/runner/work/glassnotes/glassnotes/build/derivedData/Build/Intermediates.noindex/GlassNotes.build/Release-iphoneos/GlassNotes.build/swift-overrides.hmap -emit-const-values -Xfrontend -const-gather-protocols-file -Xfrontend /Users/runner/work/glassnotes/glassnotes/build/derivedData/Build/Intermediates.noindex/GlassNotes.build/Release-iphoneos/GlassNotes.build/Objects-normal/arm64/GlassNotes_const_extract_protocols.json -Xcc -iquote -Xcc /Users/runner/work/glassnotes/glassnotes/build/derivedData/Build/Intermediates.noindex/GlassNotes.build/Release-iphoneos/GlassNotes.build/GlassNotes-generated-files.hmap -Xcc -I/Users/runner/work/glassnotes/glassnotes/build/derivedData/Build/Intermediates.noindex/GlassNotes.build/Release-iphoneos/GlassNotes.build/GlassNotes-own-target-headers.hmap -Xcc -I/Users/runner/work/glassnotes/glassnotes/build/derivedData/Build/Intermediates.noindex/GlassNotes.build/Release-iphoneos/GlassNotes.build/GlassNotes-all-target-headers.hmap -Xcc -iquote -Xcc /Users/runner/work/glassnotes/glassnotes/build/derivedData/Build/Intermediates.noindex/GlassNotes.build/Release-iphoneos/GlassNotes.build/GlassNotes-project-headers.hmap -Xcc -I/Users/runner/work/glassnotes/glassnotes/build/derivedData/Build/Products/Release-iphoneos/include -Xcc -I/Users/runner/work/glassnotes/glassnotes/build/derivedData/Build/Intermediates.noindex/GlassNotes.build/Release-iphoneos/GlassNotes.build/DerivedSources-normal/arm64 -Xcc -I/Users/runner/work/glassnotes/glassnotes/build/derivedData/Build/Intermediates.noindex/GlassNotes.build/Release-iphoneos/GlassNotes.build/DerivedSources/arm64 -Xcc -I/Users/runner/work/glassnotes/glassnotes/build/derivedData/Build/Intermediates.noindex/GlassNotes.build/Release-iphoneos/GlassNotes.build/DerivedSources -emit-objc-header -emit-objc-header-path /Users/runner/work/glassnotes/glassnotes/build/derivedData/Build/Intermediates.noindex/GlassNotes.build/Release-iphoneos/GlassNotes.build/Objects-normal/arm64/GlassNotes-Swift.h -working-directory /Users/runner/work/glassnotes/glassnotes -no-emit-module-separately-wmo
2026-09-29T00:24:47.7350170Z 
2026-09-29T00:24:47.7456320Z SwiftCompile normal arm64 Compiling\ GlassNotesApp.swift,\ Note.swift,\ CategoryTag.swift,\ SyncConfig.swift,\ BiometricAuthService.swift,\ TelegramSyncService.swift,\ GlassBackground.swift,\ GlassCard.swift,\ GlassSearchBar.swift,\ GlassButton.swift,\ QuickStreamView.swift,\ NoteCardView.swift,\ NoteEditorView.swift,\ FormattingBar.swift,\ LockView.swift,\ SyncSettingsView.swift /Users/runner/work/glassnotes/glassnotes/GlassNotes/App/GlassNotesApp.swift /Users/runner/work/glassnotes/glassnotes/GlassNotes/Models/Note.swift /Users/runner/work/glassnotes/glassnotes/GlassNotes/Models/CategoryTag.swift /Users/runner/work/glassnotes/glassnotes/GlassNotes/Models/SyncConfig.swift /Users/runner/work/glassnotes/glassnotes/GlassNotes/Services/BiometricAuthService.swift /Users/runner/work/glassnotes/glassnotes/GlassNotes/Services/TelegramSyncService.swift /Users/runner/work/glassnotes/glassnotes/GlassNotes/Views/Components/GlassBackground.swift /Users/runner/work/glassnotes/glassnotes/GlassNotes/Views/Components/GlassCard.swift /Users/runner/work/glassnotes/glassnotes/GlassNotes/Views/Components/GlassSearchBar.swift /Users/runner/work/glassnotes/glassnotes/GlassNotes/Views/Components/GlassButton.swift /Users/runner/work/glassnotes/glassnotes/GlassNotes/Views/Feed/QuickStreamView.swift /Users/runner/work/glassnotes/glassnotes/GlassNotes/Views/Feed/NoteCardView.swift /Users/runner/work/glassnotes/glassnotes/GlassNotes/Views/Editor/NoteEditorView.swift /Users/runner/work/glassnotes/glassnotes/GlassNotes/Views/Editor/FormattingBar.swift /Users/runner/work/glassnotes/glassnotes/GlassNotes/Views/Security/LockView.swift /Users/runner/work/glassnotes/glassnotes/GlassNotes/Views/Settings/SyncSettingsView.swift (in target 'GlassNotes' from project 'GlassNotes')
2026-09-29T00:24:47.7551250Z     cd /Users/runner/work/glassnotes/glassnotes
2026-09-29T00:24:47.7685670Z     builtin-swiftTaskExecution -- /Applications/Xcode_15.4.app/Contents/Developer/Toolchains/XcodeDefault.xctoolchain/usr/bin/swift-frontend -frontend -c /Users/runner/work/glassnotes/glassnotes/GlassNotes/App/GlassNotesApp.swift /Users/runner/work/glassnotes/glassnotes/GlassNotes/Models/Note.swift /Users/runner/work/glassnotes/glassnotes/GlassNotes/Models/CategoryTag.swift /Users/runner/work/glassnotes/glassnotes/GlassNotes/Models/SyncConfig.swift /Users/runner/work/glassnotes/glassnotes/GlassNotes/Services/BiometricAuthService.swift /Users/runner/work/glassnotes/glassnotes/GlassNotes/Services/TelegramSyncService.swift /Users/runner/work/glassnotes/glassnotes/GlassNotes/Views/Components/GlassBackground.swift /Users/runner/work/glassnotes/glassnotes/GlassNotes/Views/Components/GlassCard.swift /Users/runner/work/glassnotes/glassnotes/GlassNotes/Views/Components/GlassSearchBar.swift /Users/runner/work/glassnotes/glassnotes/GlassNotes/Views/Components/GlassButton.swift /Users/runner/work/glassnotes/glassnotes/GlassNotes/Views/Feed/QuickStreamView.swift /Users/runner/work/glassnotes/glassnotes/GlassNotes/Views/Feed/NoteCardView.swift /Users/runner/work/glassnotes/glassnotes/GlassNotes/Views/Editor/NoteEditorView.swift /Users/runner/work/glassnotes/glassnotes/GlassNotes/Views/Editor/FormattingBar.swift /Users/runner/work/glassnotes/glassnotes/GlassNotes/Views/Security/LockView.swift /Users/runner/work/glassnotes/glassnotes/GlassNotes/Views/Settings/SyncSettingsView.swift -supplementary-output-file-map /Users/runner/work/glassnotes/glassnotes/build/derivedData/Build/Intermediates.noindex/GlassNotes.build/Release-iphoneos/GlassNotes.build/Objects-normal/arm64/supplementaryOutputs-1 -target arm64-apple-ios17.0 -Xllvm -aarch64-use-tbi -enable-objc-interop -stack-check -sdk /Applications/Xcode_15.4.app/Contents/Developer/Platforms/iPhoneOS.platform/Developer/SDKs/iPhoneOS17.5.sdk -I /Users/runner/work/glassnotes/glassnotes/build/derivedData/Build/Products/Release-iphoneos -F /Users/runner/work/glassnotes/glassnotes/build/derivedData/Build/Products/Release-iphoneos -no-color-diagnostics -g -module-cache-path /Users/runner/work/glassnotes/glassnotes/build/derivedData/ModuleCache.noindex -swift-version 5 -enforce-exclusivity\=checked -O -serialize-debugging-options -const-gather-protocols-file /Users/runner/work/glassnotes/glassnotes/build/derivedData/Build/Intermediates.noindex/GlassNotes.build/Release-iphoneos/GlassNotes.build/Objects-normal/arm64/GlassNotes_const_extract_protocols.json -enable-bare-slash-regex -empty-abi-descriptor -validate-clang-modules-once -clang-build-session-file /Users/runner/work/glassnotes/glassnotes/build/derivedData/ModuleCache.noindex/Session.modulevalidation -Xcc -working-directory -Xcc /Users/runner/work/glassnotes/glassnotes -resource-dir /Applications/Xcode_15.4.app/Contents/Developer/Toolchains/XcodeDefault.xctoolchain/usr/lib/swift -Xcc -ivfsstatcache -Xcc /Users/runner/work/glassnotes/glassnotes/build/derivedData/SDKStatCaches.noindex/iphoneos17.5-21F77-f0fa7969d082b13145125136a829df3a.sdkstatcache -Xcc -I/Users/runner/work/glassnotes/glassnotes/build/derivedData/Build/Intermediates.noindex/GlassNotes.build/Release-iphoneos/GlassNotes.build/swift-overrides.hmap -Xcc -iquote -Xcc /Users/runner/work/glassnotes/glassnotes/build/derivedData/Build/Intermediates.noindex/GlassNotes.build/Release-iphoneos/GlassNotes.build/GlassNotes-generated-files.hmap -Xcc -I/Users/runner/work/glassnotes/glassnotes/build/derivedData/Build/Intermediates.noindex/GlassNotes.build/Release-iphoneos/GlassNotes.build/GlassNotes-own-target-headers.hmap -Xcc -I/Users/runner/work/glassnotes/glassnotes/build/derivedData/Build/Intermediates.noindex/GlassNotes.build/Release-iphoneos/GlassNotes.build/GlassNotes-all-target-headers.hmap -Xcc -iquote -Xcc /Users/runner/work/glassnotes/glassnotes/build/derivedData/Build/Intermediates.noindex/GlassNotes.build/Release-iphoneos/GlassNotes.build/GlassNotes-project-headers.hmap -Xcc -I/Users/runner/work/glassnotes/glassnotes/build/derivedData/Build/Products/Release-iphoneos/include -Xcc -I/Users/runner/work/glassnotes/glassnotes/build/derivedData/Build/Intermediates.noindex/GlassNotes.build/Release-iphoneos/GlassNotes.build/DerivedSources-normal/arm64 -Xcc -I/Users/runner/work/glassnotes/glassnotes/build/derivedData/Build/Intermediates.noindex/GlassNotes.build/Release-iphoneos/GlassNotes.build/DerivedSources/arm64 -Xcc -I/Users/runner/work/glassnotes/glassnotes/build/derivedData/Build/Intermediates.noindex/GlassNotes.build/Release-iphoneos/GlassNotes.build/DerivedSources -module-name GlassNotes -frontend-parseable-output -disable-clang-spi -target-sdk-version 17.5 -target-sdk-name iphoneos17.5 -external-plugin-path /Applications/Xcode_15.4.app/Contents/Developer/Platforms/iPhoneOS.platform/Developer/SDKs/iPhoneOS17.5.sdk/usr/lib/swift/host/plugins\#/Applications/Xcode_15.4.app/Contents/Developer/Platforms/iPhoneOS.platform/Developer/SDKs/iPhoneOS17.5.sdk/usr/bin/swift-plugin-server -external-plugin-path /Applications/Xcode_15.4.app/Contents/Developer/Platforms/iPhoneOS.platform/Developer/SDKs/iPhoneOS17.5.sdk/usr/local/lib/swift/host/plugins\#/Applications/Xcode_15.4.app/Contents/Developer/Platforms/iPhoneOS.platform/Developer/SDKs/iPhoneOS17.5.sdk/usr/bin/swift-plugin-server -external-plugin-path /Applications/Xcode_15.4.app/Contents/Developer/Platforms/iPhoneOS.platform/Developer/usr/lib/swift/host/plugins\#/Applications/Xcode_15.4.app/Contents/Developer/Platforms/iPhoneOS.platform/Developer/usr/bin/swift-plugin-server -external-plugin-path /Applications/Xcode_15.4.app/Contents/Developer/Platforms/iPhoneOS.platform/Developer/usr/local/lib/swift/host/plugins\#/Applications/Xcode_15.4.app/Contents/Developer/Platforms/iPhoneOS.platform/Developer/usr/bin/swift-plugin-server -plugin-path /Applications/Xcode_15.4.app/Contents/Developer/Toolchains/XcodeDefault.xctoolchain/usr/lib/swift/host/plugins -plugin-path /Applications/Xcode_15.4.app/Contents/Developer/Toolchains/XcodeDefault.xctoolchain/usr/local/lib/swift/host/plugins -enable-default-cmo -num-threads 3 -o /Users/runner/work/glassnotes/glassnotes/build/derivedData/Build/Intermediates.noindex/GlassNotes.build/Release-iphoneos/GlassNotes.build/Objects-normal/arm64/GlassNotesApp.o -o /Users/runner/work/glassnotes/glassnotes/build/derivedData/Build/Intermediates.noindex/GlassNotes.build/Release-iphoneos/GlassNotes.build/Objects-normal/arm64/Note.o -o /Users/runner/work/glassnotes/glassnotes/build/derivedData/Build/Intermediates.noindex/GlassNotes.build/Release-iphoneos/GlassNotes.build/Objects-normal/arm64/CategoryTag.o -o /Users/runner/work/glassnotes/glassnotes/build/derivedData/Build/Intermediates.noindex/GlassNotes.build/Release-iphoneos/GlassNotes.build/Objects-normal/arm64/SyncConfig.o -o /Users/runner/work/glassnotes/glassnotes/build/derivedData/Build/Intermediates.noindex/GlassNotes.build/Release-iphoneos/GlassNotes.build/Objects-normal/arm64/BiometricAuthService.o -o /Users/runner/work/glassnotes/glassnotes/build/derivedData/Build/Intermediates.noindex/GlassNotes.build/Release-iphoneos/GlassNotes.build/Objects-normal/arm64/TelegramSyncService.o -o /Users/runner/work/glassnotes/glassnotes/build/derivedData/Build/Intermediates.noindex/GlassNotes.build/Release-iphoneos/GlassNotes.build/Objects-normal/arm64/GlassBackground.o -o /Users/runner/work/glassnotes/glassnotes/build/derivedData/Build/Intermediates.noindex/GlassNotes.build/Release-iphoneos/GlassNotes.build/Objects-normal/arm64/GlassCard.o -o /Users/runner/work/glassnotes/glassnotes/build/derivedData/Build/Intermediates.noindex/GlassNotes.build/Release-iphoneos/GlassNotes.build/Objects-normal/arm64/GlassSearchBar.o -o /Users/runner/work/glassnotes/glassnotes/build/derivedData/Build/Intermediates.noindex/GlassNotes.build/Release-iphoneos/GlassNotes.build/Objects-normal/arm64/GlassButton.o -o /Users/runner/work/glassnotes/glassnotes/build/derivedData/Build/Intermediates.noindex/GlassNotes.build/Release-iphoneos/GlassNotes.build/Objects-normal/arm64/QuickStreamView.o -o /Users/runner/work/glassnotes/glassnotes/build/derivedData/Build/Intermediates.noindex/GlassNotes.build/Release-iphoneos/GlassNotes.build/Objects-normal/arm64/NoteCardView.o -o /Users/runner/work/glassnotes/glassnotes/build/derivedData/Build/Intermediates.noindex/GlassNotes.build/Release-iphoneos/GlassNotes.build/Objects-normal/arm64/NoteEditorView.o -o /Users/runner/work/glassnotes/glassnotes/build/derivedData/Build/Intermediates.noindex/GlassNotes.build/Release-iphoneos/GlassNotes.build/Objects-normal/arm64/FormattingBar.o -o /Users/runner/work/glassnotes/glassnotes/build/derivedData/Build/Intermediates.noindex/GlassNotes.build/Release-iphoneos/GlassNotes.build/Objects-normal/arm64/LockView.o -o /Users/runner/work/glassnotes/glassnotes/build/derivedData/Build/Intermediates.noindex/GlassNotes.build/Release-iphoneos/GlassNotes.build/Objects-normal/arm64/SyncSettingsView.o -index-unit-output-path /GlassNotes.build/Release-iphoneos/GlassNotes.build/Objects-normal/arm64/GlassNotesApp.o -index-unit-output-path /GlassNotes.build/Release-iphoneos/GlassNotes.build/Objects-normal/arm64/Note.o -index-unit-output-path /GlassNotes.build/Release-iphoneos/GlassNotes.build/Objects-normal/arm64/CategoryTag.o -index-unit-output-path /GlassNotes.build/Release-iphoneos/GlassNotes.build/Objects-normal/arm64/SyncConfig.o -index-unit-output-path /GlassNotes.build/Release-iphoneos/GlassNotes.build/Objects-normal/arm64/BiometricAuthService.o -index-unit-output-path /GlassNotes.build/Release-iphoneos/GlassNotes.build/Objects-normal/arm64/TelegramSyncService.o -index-unit-output-path /GlassNotes.build/Release-iphoneos/GlassNotes.build/Objects-normal/arm64/GlassBackground.o -index-unit-output-path /GlassNotes.build/Release-iphoneos/GlassNotes.build/Objects-normal/arm64/GlassCard.o -index-unit-output-path /GlassNotes.build/Release-iphoneos/GlassNotes.build/Objects-normal/arm64/GlassSearchBar.o -index-unit-output-path /GlassNotes.build/Release-iphoneos/GlassNotes.build/Objects-normal/arm64/GlassButton.o -index-unit-output-path /GlassNotes.build/Release-iphoneos/GlassNotes.build/Objects-normal/arm64/QuickStreamView.o -index-unit-output-path /GlassNotes.build/Release-iphoneos/GlassNotes.build/Objects-normal/arm64/NoteCardView.o -index-unit-output-path /GlassNotes.build/Release-iphoneos/GlassNotes.build/Objects-normal/arm64/NoteEditorView.o -index-unit-output-path /GlassNotes.build/Release-iphoneos/GlassNotes.build/Objects-normal/arm64/FormattingBar.o -index-unit-output-path /GlassNotes.build/Release-iphoneos/GlassNotes.build/Objects-normal/arm64/LockView.o -index-unit-output-path /GlassNotes.build/Release-iphoneos/GlassNotes.build/Objects-normal/arm64/SyncSettingsView.o
2026-09-29T00:24:47.7751420Z 
2026-09-29T00:24:47.7852250Z CompileSwift normal arm64 (in target 'GlassNotes' from project 'GlassNotes')
2026-09-29T00:24:47.7953370Z     cd /Users/runner/work/glassnotes/glassnotes
2026-09-29T00:24:47.8088060Z     /Applications/Xcode_15.4.app/Contents/Developer/Toolchains/XcodeDefault.xctoolchain/usr/bin/swift-frontend -c /Users/runner/work/glassnotes/glassnotes/GlassNotes/App/GlassNotesApp.swift /Users/runner/work/glassnotes/glassnotes/GlassNotes/Models/Note.swift /Users/runner/work/glassnotes/glassnotes/GlassNotes/Models/CategoryTag.swift /Users/runner/work/glassnotes/glassnotes/GlassNotes/Models/SyncConfig.swift /Users/runner/work/glassnotes/glassnotes/GlassNotes/Services/BiometricAuthService.swift /Users/runner/work/glassnotes/glassnotes/GlassNotes/Services/TelegramSyncService.swift /Users/runner/work/glassnotes/glassnotes/GlassNotes/Views/Components/GlassBackground.swift /Users/runner/work/glassnotes/glassnotes/GlassNotes/Views/Components/GlassCard.swift /Users/runner/work/glassnotes/glassnotes/GlassNotes/Views/Components/GlassSearchBar.swift /Users/runner/work/glassnotes/glassnotes/GlassNotes/Views/Components/GlassButton.swift /Users/runner/work/glassnotes/glassnotes/GlassNotes/Views/Feed/QuickStreamView.swift /Users/runner/work/glassnotes/glassnotes/GlassNotes/Views/Feed/NoteCardView.swift /Users/runner/work/glassnotes/glassnotes/GlassNotes/Views/Editor/NoteEditorView.swift /Users/runner/work/glassnotes/glassnotes/GlassNotes/Views/Editor/FormattingBar.swift /Users/runner/work/glassnotes/glassnotes/GlassNotes/Views/Security/LockView.swift /Users/runner/work/glassnotes/glassnotes/GlassNotes/Views/Settings/SyncSettingsView.swift -supplementary-output-file-map /Users/runner/work/glassnotes/glassnotes/build/derivedData/Build/Intermediates.noindex/GlassNotes.build/Release-iphoneos/GlassNotes.build/Objects-normal/arm64/supplementaryOutputs-1 -target arm64-apple-ios17.0 -Xllvm -aarch64-use-tbi -enable-objc-interop -stack-check -sdk /Applications/Xcode_15.4.app/Contents/Developer/Platforms/iPhoneOS.platform/Developer/SDKs/iPhoneOS17.5.sdk -I /Users/runner/work/glassnotes/glassnotes/build/derivedData/Build/Products/Release-iphoneos -F /Users/runner/work/glassnotes/glassnotes/build/derivedData/Build/Products/Release-iphoneos -no-color-diagnostics -g -module-cache-path /Users/runner/work/glassnotes/glassnotes/build/derivedData/ModuleCache.noindex -swift-version 5 -enforce-exclusivity\=checked -O -serialize-debugging-options -const-gather-protocols-file /Users/runner/work/glassnotes/glassnotes/build/derivedData/Build/Intermediates.noindex/GlassNotes.build/Release-iphoneos/GlassNotes.build/Objects-normal/arm64/GlassNotes_const_extract_protocols.json -enable-bare-slash-regex -empty-abi-descriptor -validate-clang-modules-once -clang-build-session-file /Users/runner/work/glassnotes/glassnotes/build/derivedData/ModuleCache.noindex/Session.modulevalidation -Xcc -working-directory -Xcc /Users/runner/work/glassnotes/glassnotes -resource-dir /Applications/Xcode_15.4.app/Contents/Developer/Toolchains/XcodeDefault.xctoolchain/usr/lib/swift -Xcc -ivfsstatcache -Xcc /Users/runner/work/glassnotes/glassnotes/build/derivedData/SDKStatCaches.noindex/iphoneos17.5-21F77-f0fa7969d082b13145125136a829df3a.sdkstatcache -Xcc -I/Users/runner/work/glassnotes/glassnotes/build/derivedData/Build/Intermediates.noindex/GlassNotes.build/Release-iphoneos/GlassNotes.build/swift-overrides.hmap -Xcc -iquote -Xcc /Users/runner/work/glassnotes/glassnotes/build/derivedData/Build/Intermediates.noindex/GlassNotes.build/Release-iphoneos/GlassNotes.build/GlassNotes-generated-files.hmap -Xcc -I/Users/runner/work/glassnotes/glassnotes/build/derivedData/Build/Intermediates.noindex/GlassNotes.build/Release-iphoneos/GlassNotes.build/GlassNotes-own-target-headers.hmap -Xcc -I/Users/runner/work/glassnotes/glassnotes/build/derivedData/Build/Intermediates.noindex/GlassNotes.build/Release-iphoneos/GlassNotes.build/GlassNotes-all-target-headers.hmap -Xcc -iquote -Xcc /Users/runner/work/glassnotes/glassnotes/build/derivedData/Build/Intermediates.noindex/GlassNotes.build/Release-iphoneos/GlassNotes.build/GlassNotes-project-headers.hmap -Xcc -I/Users/runner/work/glassnotes/glassnotes/build/derivedData/Build/Products/Release-iphoneos/include -Xcc -I/Users/runner/work/glassnotes/glassnotes/build/derivedData/Build/Intermediates.noindex/GlassNotes.build/Release-iphoneos/GlassNotes.build/DerivedSources-normal/arm64 -Xcc -I/Users/runner/work/glassnotes/glassnotes/build/derivedData/Build/Intermediates.noindex/GlassNotes.build/Release-iphoneos/GlassNotes.build/DerivedSources/arm64 -Xcc -I/Users/runner/work/glassnotes/glassnotes/build/derivedData/Build/Intermediates.noindex/GlassNotes.build/Release-iphoneos/GlassNotes.build/DerivedSources -module-name GlassNotes -frontend-parseable-output -disable-clang-spi -target-sdk-version 17.5 -target-sdk-name iphoneos17.5 -external-plugin-path /Applications/Xcode_15.4.app/Contents/Developer/Platforms/iPhoneOS.platform/Developer/SDKs/iPhoneOS17.5.sdk/usr/lib/swift/host/plugins\#/Applications/Xcode_15.4.app/Contents/Developer/Platforms/iPhoneOS.platform/Developer/SDKs/iPhoneOS17.5.sdk/usr/bin/swift-plugin-server -external-plugin-path /Applications/Xcode_15.4.app/Contents/Developer/Platforms/iPhoneOS.platform/Developer/SDKs/iPhoneOS17.5.sdk/usr/local/lib/swift/host/plugins\#/Applications/Xcode_15.4.app/Contents/Developer/Platforms/iPhoneOS.platform/Developer/SDKs/iPhoneOS17.5.sdk/usr/bin/swift-plugin-server -external-plugin-path /Applications/Xcode_15.4.app/Contents/Developer/Platforms/iPhoneOS.platform/Developer/usr/lib/swift/host/plugins\#/Applications/Xcode_15.4.app/Contents/Developer/Platforms/iPhoneOS.platform/Developer/usr/bin/swift-plugin-server -external-plugin-path /Applications/Xcode_15.4.app/Contents/Developer/Platforms/iPhoneOS.platform/Developer/usr/local/lib/swift/host/plugins\#/Applications/Xcode_15.4.app/Contents/Developer/Platforms/iPhoneOS.platform/Developer/usr/bin/swift-plugin-server -plugin-path /Applications/Xcode_15.4.app/Contents/Developer/Toolchains/XcodeDefault.xctoolchain/usr/lib/swift/host/plugins -plugin-path /Applications/Xcode_15.4.app/Contents/Developer/Toolchains/XcodeDefault.xctoolchain/usr/local/lib/swift/host/plugins -enable-default-cmo -num-threads 3 -o /Users/runner/work/glassnotes/glassnotes/build/derivedData/Build/Intermediates.noindex/GlassNotes.build/Release-iphoneos/GlassNotes.build/Objects-normal/arm64/GlassNotesApp.o -o /Users/runner/work/glassnotes/glassnotes/build/derivedData/Build/Intermediates.noindex/GlassNotes.build/Release-iphoneos/GlassNotes.build/Objects-normal/arm64/Note.o -o /Users/runner/work/glassnotes/glassnotes/build/derivedData/Build/Intermediates.noindex/GlassNotes.build/Release-iphoneos/GlassNotes.build/Objects-normal/arm64/CategoryTag.o -o /Users/runner/work/glassnotes/glassnotes/build/derivedData/Build/Intermediates.noindex/GlassNotes.build/Release-iphoneos/GlassNotes.build/Objects-normal/arm64/SyncConfig.o -o /Users/runner/work/glassnotes/glassnotes/build/derivedData/Build/Intermediates.noindex/GlassNotes.build/Release-iphoneos/GlassNotes.build/Objects-normal/arm64/BiometricAuthService.o -o /Users/runner/work/glassnotes/glassnotes/build/derivedData/Build/Intermediates.noindex/GlassNotes.build/Release-iphoneos/GlassNotes.build/Objects-normal/arm64/TelegramSyncService.o -o /Users/runner/work/glassnotes/glassnotes/build/derivedData/Build/Intermediates.noindex/GlassNotes.build/Release-iphoneos/GlassNotes.build/Objects-normal/arm64/GlassBackground.o -o /Users/runner/work/glassnotes/glassnotes/build/derivedData/Build/Intermediates.noindex/GlassNotes.build/Release-iphoneos/GlassNotes.build/Objects-normal/arm64/GlassCard.o -o /Users/runner/work/glassnotes/glassnotes/build/derivedData/Build/Intermediates.noindex/GlassNotes.build/Release-iphoneos/GlassNotes.build/Objects-normal/arm64/GlassSearchBar.o -o /Users/runner/work/glassnotes/glassnotes/build/derivedData/Build/Intermediates.noindex/GlassNotes.build/Release-iphoneos/GlassNotes.build/Objects-normal/arm64/GlassButton.o -o /Users/runner/work/glassnotes/glassnotes/build/derivedData/Build/Intermediates.noindex/GlassNotes.build/Release-iphoneos/GlassNotes.build/Objects-normal/arm64/QuickStreamView.o -o /Users/runner/work/glassnotes/glassnotes/build/derivedData/Build/Intermediates.noindex/GlassNotes.build/Release-iphoneos/GlassNotes.build/Objects-normal/arm64/NoteCardView.o -o /Users/runner/work/glassnotes/glassnotes/build/derivedData/Build/Intermediates.noindex/GlassNotes.build/Release-iphoneos/GlassNotes.build/Objects-normal/arm64/NoteEditorView.o -o /Users/runner/work/glassnotes/glassnotes/build/derivedData/Build/Intermediates.noindex/GlassNotes.build/Release-iphoneos/GlassNotes.build/Objects-normal/arm64/FormattingBar.o -o /Users/runner/work/glassnotes/glassnotes/build/derivedData/Build/Intermediates.noindex/GlassNotes.build/Release-iphoneos/GlassNotes.build/Objects-normal/arm64/LockView.o -o /Users/runner/work/glassnotes/glassnotes/build/derivedData/Build/Intermediates.noindex/GlassNotes.build/Release-iphoneos/GlassNotes.build/Objects-normal/arm64/SyncSettingsView.o -index-unit-output-path /GlassNotes.build/Release-iphoneos/GlassNotes.build/Objects-normal/arm64/GlassNotesApp.o -index-unit-output-path /GlassNotes.build/Release-iphoneos/GlassNotes.build/Objects-normal/arm64/Note.o -index-unit-output-path /GlassNotes.build/Release-iphoneos/GlassNotes.build/Objects-normal/arm64/CategoryTag.o -index-unit-output-path /GlassNotes.build/Release-iphoneos/GlassNotes.build/Objects-normal/arm64/SyncConfig.o -index-unit-output-path /GlassNotes.build/Release-iphoneos/GlassNotes.build/Objects-normal/arm64/BiometricAuthService.o -index-unit-output-path /GlassNotes.build/Release-iphoneos/GlassNotes.build/Objects-normal/arm64/TelegramSyncService.o -index-unit-output-path /GlassNotes.build/Release-iphoneos/GlassNotes.build/Objects-normal/arm64/GlassBackground.o -index-unit-output-path /GlassNotes.build/Release-iphoneos/GlassNotes.build/Objects-normal/arm64/GlassCard.o -index-unit-output-path /GlassNotes.build/Release-iphoneos/GlassNotes.build/Objects-normal/arm64/GlassSearchBar.o -index-unit-output-path /GlassNotes.build/Release-iphoneos/GlassNotes.build/Objects-normal/arm64/GlassButton.o -index-unit-output-path /GlassNotes.build/Release-iphoneos/GlassNotes.build/Objects-normal/arm64/QuickStreamView.o -index-unit-output-path /GlassNotes.build/Release-iphoneos/GlassNotes.build/Objects-normal/arm64/NoteCardView.o -index-unit-output-path /GlassNotes.build/Release-iphoneos/GlassNotes.build/Objects-normal/arm64/NoteEditorView.o -index-unit-output-path /GlassNotes.build/Release-iphoneos/GlassNotes.build/Objects-normal/arm64/FormattingBar.o -index-unit-output-path /GlassNotes.build/Release-iphoneos/GlassNotes.build/Objects-normal/arm64/LockView.o -index-unit-output-path /GlassNotes.build/Release-iphoneos/GlassNotes.build/Objects-normal/arm64/SyncSettingsView.o
2026-09-29T00:24:52.0371030Z /Users/runner/work/glassnotes/glassnotes/GlassNotes/Models/Note.swift:73:36: error: value of type 'Calendar' has no member 'isDateInYear'
2026-09-29T00:24:52.0477380Z ** BUILD FAILED **
2026-09-29T00:24:52.0477760Z         } else if Calendar.current.isDateInYear(updatedAt) {
2026-09-29T00:24:52.0579940Z 
2026-09-29T00:24:52.0582870Z                   ~~~~~~~~~~~~~~~~ ^~~~~~~~~~~~
2026-09-29T00:24:52.0680990Z 
2026-09-29T00:24:52.0681650Z /Users/runner/work/glassnotes/glassnotes/GlassNotes/Models/CategoryTag.swift:12:18: error: extraneous argument label 'backlink:' in macro expansion
2026-09-29T00:24:52.0786250Z The following build commands failed:
2026-09-29T00:24:52.0786600Z     @Relationship(backlink: \Note.tag)
2026-09-29T00:24:52.0887550Z 	CompileSwift normal arm64 (in target 'GlassNotes' from project 'GlassNotes')
2026-09-29T00:24:52.0888010Z                  ^~~~~~~~~~~
2026-09-29T00:24:52.0992880Z 	SwiftCompile normal arm64 Compiling\ GlassNotesApp.swift,\ Note.swift,\ CategoryTag.swift,\ SyncConfig.swift,\ BiometricAuthService.swift,\ TelegramSyncService.swift,\ GlassBackground.swift,\ GlassCard.swift,\ GlassSearchBar.swift,\ GlassButton.swift,\ QuickStreamView.swift,\ NoteCardView.swift,\ NoteEditorView.swift,\ FormattingBar.swift,\ LockView.swift,\ SyncSettingsView.swift /Users/runner/work/glassnotes/glassnotes/GlassNotes/App/GlassNotesApp.swift /Users/runner/work/glassnotes/glassnotes/GlassNotes/Models/Note.swift /Users/runner/work/glassnotes/glassnotes/GlassNotes/Models/CategoryTag.swift /Users/runner/work/glassnotes/glassnotes/GlassNotes/Models/SyncConfig.swift /Users/runner/work/glassnotes/glassnotes/GlassNotes/Services/BiometricAuthService.swift /Users/runner/work/glassnotes/glassnotes/GlassNotes/Services/TelegramSyncService.swift /Users/runner/work/glassnotes/glassnotes/GlassNotes/Views/Components/GlassBackground.swift /Users/runner/work/glassnotes/glassnotes/GlassNotes/Views/Components/GlassCard.swift /Users/runner/work/glassnotes/glassnotes/GlassNotes/Views/Components/GlassSearchBar.swift /Users/runner/work/glassnotes/glassnotes/GlassNotes/Views/Components/GlassButton.swift /Users/runner/work/glassnotes/glassnotes/GlassNotes/Views/Feed/QuickStreamView.swift /Users/runner/work/glassnotes/glassnotes/GlassNotes/Views/Feed/NoteCardView.swift /Users/runner/work/glassnotes/glassnotes/GlassNotes/Views/Editor/NoteEditorView.swift /Users/runner/work/glassnotes/glassnotes/GlassNotes/Views/Editor/FormattingBar.swift /Users/runner/work/glassnotes/glassnotes/GlassNotes/Views/Security/LockView.swift /Users/runner/work/glassnotes/glassnotes/GlassNotes/Views/Settings/SyncSettingsView.swift (in target 'GlassNotes' from project 'GlassNotes')
2026-09-29T00:24:52.0998440Z                   
2026-09-29T00:24:52.1088030Z (2 failures)
2026-09-29T00:24:52.1089070Z /Users/runner/work/glassnotes/glassnotes/GlassNotes/Models/CategoryTag.swift:12:29: error: cannot convert value of type 'ReferenceWritableKeyPath<Note, CategoryTag?>' to expected argument type 'Schema.Relationship.Option'
2026-09-29T00:24:52.1190740Z     @Relationship(backlink: \Note.tag)
2026-09-29T00:24:52.1290770Z                             ^
2026-09-29T00:24:52.1392010Z @__swiftmacro_10GlassNotes11CategoryTag5ModelfMm_.swift:19:141: error: extraneous argument label 'backlink:' in call
2026-09-29T00:24:52.1492580Z     SwiftData.Schema.PropertyMetadata(name: "notes", keypath: \CategoryTag.notes, defaultValue: nil, metadata: SwiftData.Schema.Relationship(backlink: \Note.tag))
2026-09-29T00:24:52.1593610Z                                                                                                                                             ^
2026-09-29T00:24:52.1694640Z /Users/runner/work/glassnotes/glassnotes/GlassNotes/Models/CategoryTag.swift:5:1: note: in expansion of macro 'Model' on class 'CategoryTag' here
2026-09-29T00:24:52.1794850Z @Model
2026-09-29T00:24:52.1895180Z ^~~~~~
2026-09-29T00:24:52.1996550Z /Users/runner/work/glassnotes/glassnotes/GlassNotes/Models/CategoryTag.swift:5:1: note: in expansion of macro 'Model' on class 'CategoryTag' here
2026-09-29T00:24:52.2096680Z @Model
2026-09-29T00:24:52.2197810Z ^~~~~~
2026-09-29T00:24:52.2299200Z @__swiftmacro_10GlassNotes11CategoryTag5ModelfMm_.swift:19:152: error: cannot convert value of type 'ReferenceWritableKeyPath<Note, CategoryTag?>' to expected argument type 'Schema.Relationship.Option'
2026-09-29T00:24:52.2400320Z     SwiftData.Schema.PropertyMetadata(name: "notes", keypath: \CategoryTag.notes, defaultValue: nil, metadata: SwiftData.Schema.Relationship(backlink: \Note.tag))
2026-09-29T00:24:52.2500230Z                                                                                                                                                        ^
2026-09-29T00:24:52.2601630Z /Users/runner/work/glassnotes/glassnotes/GlassNotes/Models/CategoryTag.swift:5:1: note: in expansion of macro 'Model' on class 'CategoryTag' here
2026-09-29T00:24:52.2702850Z @Model
2026-09-29T00:24:52.2802640Z ^~~~~~
2026-09-29T00:24:52.2903540Z /Users/runner/work/glassnotes/glassnotes/GlassNotes/Models/CategoryTag.swift:5:1: note: in expansion of macro 'Model' on class 'CategoryTag' here
2026-09-29T00:24:52.3003840Z @Model
2026-09-29T00:24:52.3104030Z ^~~~~~
2026-09-29T00:24:52.3205270Z /Users/runner/work/glassnotes/glassnotes/GlassNotes/Views/Feed/QuickStreamView.swift:6:19: error: no exact matches in call to initializer 
2026-09-29T00:24:52.3305610Z     @Query(sort: [SortDescriptor(\Note.isPinned, order: .reverse), SortDescriptor(\Note.updatedAt, order: .reverse)]) private var notes: [Note]
2026-09-29T00:24:52.3405610Z                   ^
2026-09-29T00:24:52.3506890Z Foundation.SortDescriptor:17:12: note: found candidate with type 'KeyPath<Note, Bool>'
2026-09-29T00:24:52.3607840Z     public init(_ keyPath: KeyPath<Compared, String>, comparator: String.StandardComparator = .localizedStandard, order: SortOrder)
2026-09-29T00:24:52.3707440Z            ^
2026-09-29T00:24:52.3807840Z Foundation.SortDescriptor:19:12: note: found candidate with type 'KeyPath<Note, Bool>'
2026-09-29T00:24:52.3908140Z     public init(_ keyPath: KeyPath<Compared, String?>, comparator: String.StandardComparator = .localizedStandard, order: SortOrder)
2026-09-29T00:24:52.4008800Z            ^
2026-09-29T00:24:52.4109770Z Foundation.SortDescriptor:20:12: note: candidate requires that 'NSObject' inherit from 'Compared' (requirement specified as 'Compared' : 'NSObject')
2026-09-29T00:24:52.4209940Z     public init(_ keyPath: KeyPath<Compared, Bool>, order: SortOrder = .forward) where Compared : NSObject
2026-09-29T00:24:52.4310350Z            ^
2026-09-29T00:24:52.4411180Z /Users/runner/work/glassnotes/glassnotes/GlassNotes/Views/Editor/NoteEditorView.swift:214:17: warning: initialization of immutable value 'success' was never used; consider replacing with assignment to '_' or removing it
2026-09-29T00:24:52.4511540Z             let success = await service.sendNoteToTelegram(
2026-09-29T00:24:52.4612030Z             ~~~~^~~~~~~
2026-09-29T00:24:52.4712820Z             _
2026-09-29T00:24:52.4814430Z /Users/runner/work/glassnotes/glassnotes/GlassNotes/Views/Editor/NoteEditorView.swift:212:27: error: expression is 'async' but is not marked with 'await'
2026-09-29T00:24:52.4914470Z             let service = TelegramSyncService()
2026-09-29T00:24:52.5015210Z                           ^~~~~~~~~~~~~~~~~~~~~
2026-09-29T00:24:52.5115610Z                           await 
2026-09-29T00:24:52.5216380Z /Users/runner/work/glassnotes/glassnotes/GlassNotes/Views/Editor/NoteEditorView.swift:212:27: note: calls to initializer 'init()' from outside of its actor context are implicitly asynchronous
2026-09-29T00:24:52.5317800Z             let service = TelegramSyncService()
2026-09-29T00:24:52.5418750Z                           ^
2026-09-29T00:24:52.5519680Z /Users/runner/work/glassnotes/glassnotes/GlassNotes/Views/Editor/NoteEditorView.swift:222:26: error: expression is 'async' but is not marked with 'await'
2026-09-29T00:24:52.5620020Z             syncStatus = service.statusMessage
2026-09-29T00:24:52.5720680Z                          ^~~~~~~~~~~~~~~~~~~~~
2026-09-29T00:24:52.5821230Z                          await 
2026-09-29T00:24:52.5921640Z /Users/runner/work/glassnotes/glassnotes/GlassNotes/Views/Editor/NoteEditorView.swift:222:26: note: property access is 'async'
2026-09-29T00:24:52.6021800Z             syncStatus = service.statusMessage
2026-09-29T00:24:52.6122360Z                          ^
2026-09-29T00:24:52.6224810Z /Users/runner/work/glassnotes/glassnotes/GlassNotes/Views/Settings/SyncSettingsView.swift:105:38: warning: 'onChange(of:perform:)' was deprecated in iOS 17.0: Use `onChange` with a two or zero parameter action closure instead.
2026-09-29T00:24:52.6326460Z                                     .onChange(of: enableBiometrics) { newValue in
2026-09-29T00:24:52.6426690Z                                      ^
2026-09-29T00:24:52.6527000Z 
2026-09-29T00:24:52.6628100Z SwiftDriver\ Compilation GlassNotes normal arm64 com.apple.xcode.tools.swift.compiler (in target 'GlassNotes' from project 'GlassNotes')
2026-09-29T00:24:52.6728990Z     cd /Users/runner/work/glassnotes/glassnotes
2026-09-29T00:24:52.6842370Z     builtin-Swift-Compilation -- /Applications/Xcode_15.4.app/Contents/Developer/Toolchains/XcodeDefault.xctoolchain/usr/bin/swiftc -module-name GlassNotes -O -whole-module-optimization -enforce-exclusivity\=checked @/Users/runner/work/glassnotes/glassnotes/build/derivedData/Build/Intermediates.noindex/GlassNotes.build/Release-iphoneos/GlassNotes.build/Objects-normal/arm64/GlassNotes.SwiftFileList -sdk /Applications/Xcode_15.4.app/Contents/Developer/Platforms/iPhoneOS.platform/Developer/SDKs/iPhoneOS17.5.sdk -target arm64-apple-ios17.0 -enable-bare-slash-regex -g -module-cache-path /Users/runner/work/glassnotes/glassnotes/build/derivedData/ModuleCache.noindex -Xfrontend -serialize-debugging-options -swift-version 5 -I /Users/runner/work/glassnotes/glassnotes/build/derivedData/Build/Products/Release-iphoneos -F /Users/runner/work/glassnotes/glassnotes/build/derivedData/Build/Products/Release-iphoneos -c -num-threads 3 -Xcc -ivfsstatcache -Xcc /Users/runner/work/glassnotes/glassnotes/build/derivedData/SDKStatCaches.noindex/iphoneos17.5-21F77-f0fa7969d082b13145125136a829df3a.sdkstatcache -output-file-map /Users/runner/work/glassnotes/glassnotes/build/derivedData/Build/Intermediates.noindex/GlassNotes.build/Release-iphoneos/GlassNotes.build/Objects-normal/arm64/GlassNotes-OutputFileMap.json -use-frontend-parseable-output -save-temps -no-color-diagnostics -serialize-diagnostics -emit-dependencies -emit-module -emit-module-path /Users/runner/work/glassnotes/glassnotes/build/derivedData/Build/Intermediates.noindex/GlassNotes.build/Release-iphoneos/GlassNotes.build/Objects-normal/arm64/GlassNotes.swiftmodule -validate-clang-modules-once -clang-build-session-file /Users/runner/work/glassnotes/glassnotes/build/derivedData/ModuleCache.noindex/Session.modulevalidation -Xcc -I/Users/runner/work/glassnotes/glassnotes/build/derivedData/Build/Intermediates.noindex/GlassNotes.build/Release-iphoneos/GlassNotes.build/swift-overrides.hmap -emit-const-values -Xfrontend -const-gather-protocols-file -Xfrontend /Users/runner/work/glassnotes/glassnotes/build/derivedData/Build/Intermediates.noindex/GlassNotes.build/Release-iphoneos/GlassNotes.build/Objects-normal/arm64/GlassNotes_const_extract_protocols.json -Xcc -iquote -Xcc /Users/runner/work/glassnotes/glassnotes/build/derivedData/Build/Intermediates.noindex/GlassNotes.build/Release-iphoneos/GlassNotes.build/GlassNotes-generated-files.hmap -Xcc -I/Users/runner/work/glassnotes/glassnotes/build/derivedData/Build/Intermediates.noindex/GlassNotes.build/Release-iphoneos/GlassNotes.build/GlassNotes-own-target-headers.hmap -Xcc -I/Users/runner/work/glassnotes/glassnotes/build/derivedData/Build/Intermediates.noindex/GlassNotes.build/Release-iphoneos/GlassNotes.build/GlassNotes-all-target-headers.hmap -Xcc -iquote -Xcc /Users/runner/work/glassnotes/glassnotes/build/derivedData/Build/Intermediates.noindex/GlassNotes.build/Release-iphoneos/GlassNotes.build/GlassNotes-project-headers.hmap -Xcc -I/Users/runner/work/glassnotes/glassnotes/build/derivedData/Build/Products/Release-iphoneos/include -Xcc -I/Users/runner/work/glassnotes/glassnotes/build/derivedData/Build/Intermediates.noindex/GlassNotes.build/Release-iphoneos/GlassNotes.build/DerivedSources-normal/arm64 -Xcc -I/Users/runner/work/glassnotes/glassnotes/build/derivedData/Build/Intermediates.noindex/GlassNotes.build/Release-iphoneos/GlassNotes.build/DerivedSources/arm64 -Xcc -I/Users/runner/work/glassnotes/glassnotes/build/derivedData/Build/Intermediates.noindex/GlassNotes.build/Release-iphoneos/GlassNotes.build/DerivedSources -emit-objc-header -emit-objc-header-path /Users/runner/work/glassnotes/glassnotes/build/derivedData/Build/Intermediates.noindex/GlassNotes.build/Release-iphoneos/GlassNotes.build/Objects-normal/arm64/GlassNotes-Swift.h -working-directory /Users/runner/work/glassnotes/glassnotes -no-emit-module-separately-wmo
2026-09-29T00:24:52.6930330Z 
2026-09-29T00:24:52.6975170Z ##[error]Process completed with exit code 65.
2026-09-29T00:24:52.7155130Z Post job cleanup.
2026-09-29T00:24:52.9641890Z [command]/opt/homebrew/bin/git version
2026-09-29T00:24:52.9741870Z git version 2.55.0
2026-09-29T00:24:53.0249100Z Copying '/Users/runner/.gitconfig' to '/Users/runner/work/_temp/7fdf3d5e-e72c-4e17-8851-193649f7b412/.gitconfig'
2026-09-29T00:24:53.0349610Z Temporarily overriding HOME='/Users/runner/work/_temp/7fdf3d5e-e72c-4e17-8851-193649f7b412' before making global git config changes
2026-09-29T00:24:53.0451010Z Adding repository directory to the temporary git global config as a safe directory
2026-09-29T00:24:53.0551900Z [command]/opt/homebrew/bin/git config --global --add safe.directory /Users/runner/work/glassnotes/glassnotes
2026-09-29T00:24:53.0855760Z [command]/opt/homebrew/bin/git config --local --name-only --get-regexp core\.sshCommand
2026-09-29T00:24:53.1159430Z [command]/opt/homebrew/bin/git submodule foreach --recursive sh -c "git config --local --name-only --get-regexp 'core\.sshCommand' && git config --local --unset-all 'core.sshCommand' || :"
2026-09-29T00:24:53.1464700Z [command]/opt/homebrew/bin/git config --local --name-only --get-regexp http\.https\:\/\/github\.com\/\.extraheader
2026-09-29T00:24:53.1566080Z http.https://github.com/.extraheader
2026-09-29T00:24:53.1874100Z [command]/opt/homebrew/bin/git config --local --unset-all http.https://github.com/.extraheader
2026-09-29T00:24:53.2176480Z [command]/opt/homebrew/bin/git submodule foreach --recursive sh -c "git config --local --name-only --get-regexp 'http\.https\:\/\/github\.com\/\.extraheader' && git config --local --unset-all 'http.https://github.com/.extraheader' || :"
2026-09-29T00:24:53.2478920Z [command]/opt/homebrew/bin/git config --local --name-only --get-regexp ^includeIf\.gitdir:
2026-09-29T00:24:53.2815830Z [command]/opt/homebrew/bin/git submodule foreach --recursive git config --local --show-origin --name-only --get-regexp remote.origin.url
2026-09-29T00:24:53.3859070Z Cleaning up orphan processes
2026-09-29T00:24:54.2570460Z ##[warning]Node.js 20 is deprecated. The following actions target Node.js 20 but are being forced to run on Node.js 24: actions/checkout@v4. For more information see: https://github.blog/changelog/2025-09-19-deprecation-of-node-20-on-github-actions-runners/
